IN     portaudio:0: Microsoft Sound Mapper - Input [MME]
IN     portaudio:1: CABLE Output (VB-Audio Virtual  [MME]
IN     portaudio:2: Microphone (USB Microphone) [MME]
   OUT portaudio:3: Microsoft Sound Mapper - Output [MME]
   OUT portaudio:4: Speaker (Synaptics HD Audio) [MME]
   OUT portaudio:5: CABLE Input (VB-Audio Virtual C [MME]
   OUT portaudio:6: CABLE In 16ch (VB-Audio Virtual [MME]
IN     portaudio:7: Primary Sound Capture Driver [Windows DirectSound]
IN     portaudio:8: CABLE Output (VB-Audio Virtual Cable) [Windows DirectSound]
IN     portaudio:9: Microphone (USB Microphone) [Windows DirectSound]
   OUT portaudio:10: Primary Sound Driver [Windows DirectSound]
   OUT portaudio:11: Speaker (Synaptics HD Audio) [Windows DirectSound]
   OUT portaudio:12: CABLE Input (VB-Audio Virtual Cable) [Windows DirectSound]
   OUT portaudio:13: CABLE In 16ch (VB-Audio Virtual Cable) [Windows DirectSound]
   OUT portaudio:14: Speaker (Synaptics HD Audio) [Windows WASAPI]
   OUT portaudio:15: CABLE Input (VB-Audio Virtual Cable) [Windows WASAPI]
   OUT portaudio:16: CABLE In 16ch (VB-Audio Virtual Cable) [Windows WASAPI]
IN     portaudio:17: Microphone (USB Microphone) [Windows WASAPI]
IN     portaudio:18: CABLE Output (VB-Audio Virtual Cable) [Windows WASAPI]
IN     portaudio:19: CABLE Output (VB-Audio Point) [Windows WDM-KS]
   OUT portaudio:20: Output (VB-Audio Point) [Windows WDM-KS]
IN     portaudio:21: Input (VB-Audio Point) [Windows WDM-KS]
   OUT portaudio:22: Headphones (Conexant HD Audio headphone) [Windows WDM-KS]
   OUT portaudio:23: Speakers (Conexant HD Audio output) [Windows WDM-KS]
IN     portaudio:24: Stereo Mix (Conexant HD Stereo Mix) [Windows WDM-KS]
IN     portaudio:25: Microphone (Conexant HD Audio capture) [Windows WDM-KS]
IN     portaudio:26: Line In (Conexant HD Audio capture) [Windows WDM-KS]
IN     portaudio:27: Microphone (USB Microphone) [Windows WDM-KS]
   OUT portaudio:28: Headset (@System32\drivers\bthhfenum.sys,#2;%1 Hands-Free%0
;(Jabra Evolve 65)) [Windows WDM-KS]
IN     portaudio:29: Headset (@System32\drivers\bthhfenum.sys,#2;%1 Hands-Free%0
;(Jabra Evolve 65)) [Windows WDM-KS]
   OUT portaudio:30: Headphones () [Windows WDM-KS]
   OUT portaudio:31: Headphones () [Windows WDM-KS]
   OUT portaudio:32: Headset (@System32\drivers\bthhfenum.sys,#2;%1 Hands-Free%0
;(AirPods - Find My)) [Windows WDM-KS]
IN     portaudio:33: Headset (@System32\drivers\bthhfenum.sys,#2;%1 Hands-Free%0
;(AirPods - Find My)) [Windows WDM-KS]
   OUT portaudio:34: Output (@System32\drivers\bthhfenum.sys,#4;%1 Hands-Free HF Audio%0
;(njdp)) [Windows WDM-KS]
IN     portaudio:35: Input (@System32\drivers\bthhfenum.sys,#4;%1 Hands-Free HF Audio%0
;(njdp)) [Windows WDM-KS]
IN     portaudio:36: Input () [Windows WDM-KS]

