2026-10-05 08:56:06.792   Log opened. (Time zone: UTC+01:00)
2026-10-05 08:56:06.792   Setup version: Inno Setup version 6.7.3
2026-10-05 08:56:06.792   Original Setup EXE: <project-root>\releases\FEC-RTTY-0.45.1-Setup-x64.exe
2026-10-05 08:56:06.792   Setup command line: /SL5="$160332,27495601,893952,<project-root>\releases\FEC-RTTY-0.45.1-Setup-x64.exe" /VERYSILENT /SUPPRESSMSGBOXES /NORESTART /SP- "/DIR=<project-root>\installer\build\acceptance-20261005-085604-396\Occupied unrelated folder" /LOG=<project-root>\installer\build\acceptance-20261005-085604-396\refused-inno.log
2026-10-05 08:56:06.794   Windows version: 10.0.26200
2026-10-05 08:56:06.794   Windows architecture: x64 (64-bit)
2026-10-05 08:56:06.794   Machine types supported by system: x86 x64
2026-10-05 08:56:06.794   User privileges: None
2026-10-05 08:56:06.798   Administrative install mode: No
2026-10-05 08:56:06.798   Install mode root key: HKEY_CURRENT_USER
2026-10-05 08:56:06.798   64-bit install mode: Yes
2026-10-05 08:56:06.798   RedirectionGuard status for current process: Enabled in enforcing mode
2026-10-05 08:56:06.801   Created temporary directory: %LOCALAPPDATA%\Temp\is-RJF6HP1SUX.tmp
2026-10-05 08:56:07.085   PrepareToInstall failed: Choose an empty installation folder. Setup will not overwrite an unrelated folder or a source checkout. Existing FEC-RTTY installations can be repaired in their registered installation folder.
2026-10-05 08:56:07.085   Need to restart Windows? No
2026-10-05 08:56:07.086   Defaulting to OK for suppressed message box (OK):
                          Choose an empty installation folder. Setup will not overwrite an unrelated folder or a source checkout. Existing FEC-RTTY installations can be repaired in their registered installation folder.
2026-10-05 08:56:07.086   Got EAbort exception.
2026-10-05 08:56:07.086   Deinitializing Setup.
2026-10-05 08:56:07.089   Log closed.
