2026-10-05 08:58:07.714   Log opened. (Time zone: UTC+01:00)
2026-10-05 08:58:07.714   Setup version: Inno Setup version 6.7.3
2026-10-05 08:58:07.714   Original Uninstall EXE: <project-root>\installer\build\acceptance-20261005-085604-396\Installed FEC-RTTY é\unins000.exe
2026-10-05 08:58:07.714   Uninstall DAT: <project-root>\installer\build\acceptance-20261005-085604-396\Installed FEC-RTTY é\unins000.dat
2026-10-05 08:58:07.714   Current Uninstall EXE: %LOCALAPPDATA%\Temp\is-YCYV03C9FS-uninstall.tmp\_unins.tmp
2026-10-05 08:58:07.714   Uninstall command line: /SECONDPHASE="<project-root>\installer\build\acceptance-20261005-085604-396\Installed FEC-RTTY é\unins000.exe" /FIRSTPHASEWND=$5B0A32 /VERYSILENT /SUPPRESSMSGBOXES /NORESTART /LOG=<project-root>\installer\build\acceptance-20261005-085604-396\uninstall-inno.log
2026-10-05 08:58:07.714   Windows version: 10.0.26200
2026-10-05 08:58:07.714   Windows architecture: x64 (64-bit)
2026-10-05 08:58:07.714   Machine types supported by system: x86 x64
2026-10-05 08:58:07.714   User privileges: None
2026-10-05 08:58:07.717   Administrative install mode: No
2026-10-05 08:58:07.717   Install mode root key: HKEY_CURRENT_USER
2026-10-05 08:58:07.717   RedirectionGuard status for current process: Enabled in enforcing mode
2026-10-05 08:58:07.717   Cleaning up any residual temporary files from previous Uninstall runs.
2026-10-05 08:58:07.718   Deleted file: %LOCALAPPDATA%\Temp\is-2WA9INY2DI-uninstall.tmp\_unins.tmp
2026-10-05 08:58:07.718   Cleanup finished (3 directories found, 3 directories checked, 1 files deleted).
2026-10-05 08:58:07.718   Created temporary directory: %LOCALAPPDATA%\Temp\is-YAL06HM2VE.tmp
2026-10-05 08:58:07.749   Starting the uninstallation process.
2026-10-05 08:58:07.749   Deleting registry key: HKEY_CURRENT_USER\Software\Microsoft\Windows\CurrentVersion\Uninstall\FEC-RTTY-M0NXD_is1
2026-10-05 08:58:08.126   Deleting file: %USERPROFILE%\OneDrive\Desktop\FEC-RTTY - M0NXD.lnk
2026-10-05 08:58:08.224   Deleting file: %APPDATA%\Microsoft\Windows\Start Menu\Programs\FEC-RTTY - M0NXD\Uninstall FEC-RTTY.lnk
2026-10-05 08:58:08.224   Deleting directory: %APPDATA%\Microsoft\Windows\Start Menu\Programs\FEC-RTTY - M0NXD
2026-10-05 08:58:08.226   Failed to delete directory (145). Will retry later.
2026-10-05 08:58:08.263   Deleting file: %APPDATA%\Microsoft\Windows\Start Menu\Programs\FEC-RTTY - M0NXD\Getting started and documentation.lnk
2026-10-05 08:58:08.264   Deleting directory: %APPDATA%\Microsoft\Windows\Start Menu\Programs\FEC-RTTY - M0NXD
2026-10-05 08:58:08.264   Failed to delete directory (145). Will retry later.
2026-10-05 08:58:08.296   Deleting file: %APPDATA%\Microsoft\Windows\Start Menu\Programs\FEC-RTTY - M0NXD\FEC-RTTY - M0NXD.lnk
2026-10-05 08:58:08.297   Deleting directory: %APPDATA%\Microsoft\Windows\Start Menu\Programs\FEC-RTTY - M0NXD
2026-10-05 08:58:08.297   Deleting file: <project-root>\installer\build\acceptance-20261005-085604-396\Installed FEC-RTTY é\tools\test-vb-audio.ps1
2026-10-05 08:58:08.299   Deleting file: <project-root>\installer\build\acceptance-20261005-085604-396\Installed FEC-RTTY é\tools\test-gui-noise-prefix.ps1
2026-10-05 08:58:08.299   Deleting file: <project-root>\installer\build\acceptance-20261005-085604-396\Installed FEC-RTTY é\tools\test-gui-exit-status.ps1
2026-10-05 08:58:08.299   Deleting file: <project-root>\installer\build\acceptance-20261005-085604-396\Installed FEC-RTTY é\tools\test-gui-direct.ps1
2026-10-05 08:58:08.299   Deleting file: <project-root>\installer\build\acceptance-20261005-085604-396\Installed FEC-RTTY é\tools\run-short-vb-audio.bat
2026-10-05 08:58:08.299   Deleting file: <project-root>\installer\build\acceptance-20261005-085604-396\Installed FEC-RTTY é\tools\replay-probe.cpp
2026-10-05 08:58:08.299   Deleting file: <project-root>\installer\build\acceptance-20261005-085604-396\Installed FEC-RTTY é\tools\list-audio-devices.bat
2026-10-05 08:58:08.300   Deleting file: <project-root>\installer\build\acceptance-20261005-085604-396\Installed FEC-RTTY é\source\tests\waterfall_tests.cpp
2026-10-05 08:58:08.300   Deleting file: <project-root>\installer\build\acceptance-20261005-085604-396\Installed FEC-RTTY é\source\tests\tests.cpp
2026-10-05 08:58:08.300   Deleting file: <project-root>\installer\build\acceptance-20261005-085604-396\Installed FEC-RTTY é\source\tests\noise_prefix_bench.cpp
2026-10-05 08:58:08.300   Deleting file: <project-root>\installer\build\acceptance-20261005-085604-396\Installed FEC-RTTY é\source\tests\gui_text_tests.cpp
2026-10-05 08:58:08.300   Deleting file: <project-root>\installer\build\acceptance-20261005-085604-396\Installed FEC-RTTY é\source\tests\audit_tests.cpp
2026-10-05 08:58:08.300   Deleting file: <project-root>\installer\build\acceptance-20261005-085604-396\Installed FEC-RTTY é\source\src\winmm_io.cpp
2026-10-05 08:58:08.300   Deleting file: <project-root>\installer\build\acceptance-20261005-085604-396\Installed FEC-RTTY é\source\src\wav.cpp
2026-10-05 08:58:08.302   Deleting file: <project-root>\installer\build\acceptance-20261005-085604-396\Installed FEC-RTTY é\source\src\waterfall_widget.cpp
2026-10-05 08:58:08.302   Deleting file: <project-root>\installer\build\acceptance-20261005-085604-396\Installed FEC-RTTY é\source\src\waterfall_spectrum.cpp
2026-10-05 08:58:08.302   Deleting file: <project-root>\installer\build\acceptance-20261005-085604-396\Installed FEC-RTTY é\source\src\viterbi.cpp
2026-10-05 08:58:08.302   Deleting file: <project-root>\installer\build\acceptance-20261005-085604-396\Installed FEC-RTTY é\source\src\timing_tracker.cpp
2026-10-05 08:58:08.302   Deleting file: <project-root>\installer\build\acceptance-20261005-085604-396\Installed FEC-RTTY é\source\src\timing.cpp
2026-10-05 08:58:08.302   Deleting file: <project-root>\installer\build\acceptance-20261005-085604-396\Installed FEC-RTTY é\source\src\sync.cpp
2026-10-05 08:58:08.302   Deleting file: <project-root>\installer\build\acceptance-20261005-085604-396\Installed FEC-RTTY é\source\src\stream_receiver.cpp
2026-10-05 08:58:08.304   Deleting file: <project-root>\installer\build\acceptance-20261005-085604-396\Installed FEC-RTTY é\source\src\spectrum.cpp
2026-10-05 08:58:08.304   Deleting file: <project-root>\installer\build\acceptance-20261005-085604-396\Installed FEC-RTTY é\source\src\settings.cpp
2026-10-05 08:58:08.304   Deleting file: <project-root>\installer\build\acceptance-20261005-085604-396\Installed FEC-RTTY é\source\src\session.cpp
2026-10-05 08:58:08.304   Deleting file: <project-root>\installer\build\acceptance-20261005-085604-396\Installed FEC-RTTY é\source\src\reliable_receiver.cpp
2026-10-05 08:58:08.304   Deleting file: <project-root>\installer\build\acceptance-20261005-085604-396\Installed FEC-RTTY é\source\src\qso_log.cpp
2026-10-05 08:58:08.304   Deleting file: <project-root>\installer\build\acceptance-20261005-085604-396\Installed FEC-RTTY é\source\src\portaudio_smoke.cpp
2026-10-05 08:58:08.304   Deleting file: <project-root>\installer\build\acceptance-20261005-085604-396\Installed FEC-RTTY é\source\src\portaudio_io.cpp
2026-10-05 08:58:08.305   Deleting file: <project-root>\installer\build\acceptance-20261005-085604-396\Installed FEC-RTTY é\source\src\omnirig.cpp
2026-10-05 08:58:08.305   Deleting file: <project-root>\installer\build\acceptance-20261005-085604-396\Installed FEC-RTTY é\source\src\net_rigctl.cpp
2026-10-05 08:58:08.305   Deleting file: <project-root>\installer\build\acceptance-20261005-085604-396\Installed FEC-RTTY é\source\src\main.cpp
2026-10-05 08:58:08.305   Deleting file: <project-root>\installer\build\acceptance-20261005-085604-396\Installed FEC-RTTY é\source\src\macros.cpp
2026-10-05 08:58:08.305   Deleting file: <project-root>\installer\build\acceptance-20261005-085604-396\Installed FEC-RTTY é\source\src\live.cpp
2026-10-05 08:58:08.305   Deleting file: <project-root>\installer\build\acceptance-20261005-085604-396\Installed FEC-RTTY é\source\src\link_metrics.cpp
2026-10-05 08:58:08.305   Deleting file: <project-root>\installer\build\acceptance-20261005-085604-396\Installed FEC-RTTY é\source\src\level_meter.cpp
2026-10-05 08:58:08.305   Deleting file: <project-root>\installer\build\acceptance-20261005-085604-396\Installed FEC-RTTY é\source\src\interop.cpp
2026-10-05 08:58:08.305   Deleting file: <project-root>\installer\build\acceptance-20261005-085604-396\Installed FEC-RTTY é\source\src\interleaver.cpp
2026-10-05 08:58:08.307   Deleting file: <project-root>\installer\build\acceptance-20261005-085604-396\Installed FEC-RTTY é\source\src\hamlib_rig.cpp
2026-10-05 08:58:08.307   Deleting file: <project-root>\installer\build\acceptance-20261005-085604-396\Installed FEC-RTTY é\source\src\gui_main.cpp
2026-10-05 08:58:08.307   Deleting file: <project-root>\installer\build\acceptance-20261005-085604-396\Installed FEC-RTTY é\source\src\fsk4.cpp
2026-10-05 08:58:08.307   Deleting file: <project-root>\installer\build\acceptance-20261005-085604-396\Installed FEC-RTTY é\source\src\frame_receiver.cpp
2026-10-05 08:58:08.307   Deleting file: <project-root>\installer\build\acceptance-20261005-085604-396\Installed FEC-RTTY é\source\src\frame.cpp
2026-10-05 08:58:08.307   Deleting file: <project-root>\installer\build\acceptance-20261005-085604-396\Installed FEC-RTTY é\source\src\diagnostics.cpp
2026-10-05 08:58:08.307   Deleting file: <project-root>\installer\build\acceptance-20261005-085604-396\Installed FEC-RTTY é\source\src\crc16.cpp
2026-10-05 08:58:08.308   Deleting file: <project-root>\installer\build\acceptance-20261005-085604-396\Installed FEC-RTTY é\source\src\convolutional.cpp
2026-10-05 08:58:08.308   Deleting file: <project-root>\installer\build\acceptance-20261005-085604-396\Installed FEC-RTTY é\source\src\clock_drift.cpp
2026-10-05 08:58:08.308   Deleting file: <project-root>\installer\build\acceptance-20261005-085604-396\Installed FEC-RTTY é\source\src\channel.cpp
2026-10-05 08:58:08.308   Deleting file: <project-root>\installer\build\acceptance-20261005-085604-396\Installed FEC-RTTY é\source\src\benchmark.cpp
2026-10-05 08:58:08.308   Deleting file: <project-root>\installer\build\acceptance-20261005-085604-396\Installed FEC-RTTY é\source\src\audio_smoke.cpp
2026-10-05 08:58:08.309   Deleting file: <project-root>\installer\build\acceptance-20261005-085604-396\Installed FEC-RTTY é\source\src\arq.cpp
2026-10-05 08:58:08.309   Deleting file: <project-root>\installer\build\acceptance-20261005-085604-396\Installed FEC-RTTY é\source\src\acquisition.cpp
2026-10-05 08:58:08.310   Deleting file: <project-root>\installer\build\acceptance-20261005-085604-396\Installed FEC-RTTY é\source\include\fectty\winmm_io.hpp
2026-10-05 08:58:08.310   Deleting file: <project-root>\installer\build\acceptance-20261005-085604-396\Installed FEC-RTTY é\source\include\fectty\wav.hpp
2026-10-05 08:58:08.310   Deleting file: <project-root>\installer\build\acceptance-20261005-085604-396\Installed FEC-RTTY é\source\include\fectty\waterfall_widget.hpp
2026-10-05 08:58:08.310   Deleting file: <project-root>\installer\build\acceptance-20261005-085604-396\Installed FEC-RTTY é\source\include\fectty\waterfall_spectrum.hpp
2026-10-05 08:58:08.310   Deleting file: <project-root>\installer\build\acceptance-20261005-085604-396\Installed FEC-RTTY é\source\include\fectty\viterbi.hpp
2026-10-05 08:58:08.310   Deleting file: <project-root>\installer\build\acceptance-20261005-085604-396\Installed FEC-RTTY é\source\include\fectty\tx_watchdog.hpp
2026-10-05 08:58:08.311   Deleting file: <project-root>\installer\build\acceptance-20261005-085604-396\Installed FEC-RTTY é\source\include\fectty\tx_controller.hpp
2026-10-05 08:58:08.311   Deleting file: <project-root>\installer\build\acceptance-20261005-085604-396\Installed FEC-RTTY é\source\include\fectty\timing_tracker.hpp
2026-10-05 08:58:08.311   Deleting file: <project-root>\installer\build\acceptance-20261005-085604-396\Installed FEC-RTTY é\source\include\fectty\timing.hpp
2026-10-05 08:58:08.311   Deleting file: <project-root>\installer\build\acceptance-20261005-085604-396\Installed FEC-RTTY é\source\include\fectty\sync.hpp
2026-10-05 08:58:08.311   Deleting file: <project-root>\installer\build\acceptance-20261005-085604-396\Installed FEC-RTTY é\source\include\fectty\stream_receiver.hpp
2026-10-05 08:58:08.313   Deleting file: <project-root>\installer\build\acceptance-20261005-085604-396\Installed FEC-RTTY é\source\include\fectty\spectrum.hpp
2026-10-05 08:58:08.313   Deleting file: <project-root>\installer\build\acceptance-20261005-085604-396\Installed FEC-RTTY é\source\include\fectty\settings.hpp
2026-10-05 08:58:08.313   Deleting file: <project-root>\installer\build\acceptance-20261005-085604-396\Installed FEC-RTTY é\source\include\fectty\session.hpp
2026-10-05 08:58:08.313   Deleting file: <project-root>\installer\build\acceptance-20261005-085604-396\Installed FEC-RTTY é\source\include\fectty\rig_control.hpp
2026-10-05 08:58:08.313   Deleting file: <project-root>\installer\build\acceptance-20261005-085604-396\Installed FEC-RTTY é\source\include\fectty\reliable_receiver.hpp
2026-10-05 08:58:08.313   Deleting file: <project-root>\installer\build\acceptance-20261005-085604-396\Installed FEC-RTTY é\source\include\fectty\qso_log.hpp
2026-10-05 08:58:08.314   Deleting file: <project-root>\installer\build\acceptance-20261005-085604-396\Installed FEC-RTTY é\source\include\fectty\protocol.hpp
2026-10-05 08:58:08.314   Deleting file: <project-root>\installer\build\acceptance-20261005-085604-396\Installed FEC-RTTY é\source\include\fectty\portaudio_io.hpp
2026-10-05 08:58:08.314   Deleting file: <project-root>\installer\build\acceptance-20261005-085604-396\Installed FEC-RTTY é\source\include\fectty\paths.hpp
2026-10-05 08:58:08.314   Deleting file: <project-root>\installer\build\acceptance-20261005-085604-396\Installed FEC-RTTY é\source\include\fectty\parse.hpp
2026-10-05 08:58:08.314   Deleting file: <project-root>\installer\build\acceptance-20261005-085604-396\Installed FEC-RTTY é\source\include\fectty\omnirig.hpp
2026-10-05 08:58:08.314   Deleting file: <project-root>\installer\build\acceptance-20261005-085604-396\Installed FEC-RTTY é\source\include\fectty\net_rigctl.hpp
2026-10-05 08:58:08.314   Deleting file: <project-root>\installer\build\acceptance-20261005-085604-396\Installed FEC-RTTY é\source\include\fectty\macros.hpp
2026-10-05 08:58:08.316   Deleting file: <project-root>\installer\build\acceptance-20261005-085604-396\Installed FEC-RTTY é\source\include\fectty\link_metrics.hpp
2026-10-05 08:58:08.316   Deleting file: <project-root>\installer\build\acceptance-20261005-085604-396\Installed FEC-RTTY é\source\include\fectty\level_meter.hpp
2026-10-05 08:58:08.316   Deleting file: <project-root>\installer\build\acceptance-20261005-085604-396\Installed FEC-RTTY é\source\include\fectty\interop.hpp
2026-10-05 08:58:08.316   Deleting file: <project-root>\installer\build\acceptance-20261005-085604-396\Installed FEC-RTTY é\source\include\fectty\interleaver.hpp
2026-10-05 08:58:08.316   Deleting file: <project-root>\installer\build\acceptance-20261005-085604-396\Installed FEC-RTTY é\source\include\fectty\hamlib_rig.hpp
2026-10-05 08:58:08.316   Deleting file: <project-root>\installer\build\acceptance-20261005-085604-396\Installed FEC-RTTY é\source\include\fectty\gui_text.hpp
2026-10-05 08:58:08.317   Deleting file: <project-root>\installer\build\acceptance-20261005-085604-396\Installed FEC-RTTY é\source\include\fectty\fsk4.hpp
2026-10-05 08:58:08.317   Deleting file: <project-root>\installer\build\acceptance-20261005-085604-396\Installed FEC-RTTY é\source\include\fectty\frame_receiver.hpp
2026-10-05 08:58:08.317   Deleting file: <project-root>\installer\build\acceptance-20261005-085604-396\Installed FEC-RTTY é\source\include\fectty\frame.hpp
2026-10-05 08:58:08.317   Deleting file: <project-root>\installer\build\acceptance-20261005-085604-396\Installed FEC-RTTY é\source\include\fectty\diagnostics.hpp
2026-10-05 08:58:08.317   Deleting file: <project-root>\installer\build\acceptance-20261005-085604-396\Installed FEC-RTTY é\source\include\fectty\crc16.hpp
2026-10-05 08:58:08.317   Deleting file: <project-root>\installer\build\acceptance-20261005-085604-396\Installed FEC-RTTY é\source\include\fectty\convolutional.hpp
2026-10-05 08:58:08.317   Deleting file: <project-root>\installer\build\acceptance-20261005-085604-396\Installed FEC-RTTY é\source\include\fectty\clock_drift.hpp
2026-10-05 08:58:08.317   Deleting file: <project-root>\installer\build\acceptance-20261005-085604-396\Installed FEC-RTTY é\source\include\fectty\channel.hpp
2026-10-05 08:58:08.319   Deleting file: <project-root>\installer\build\acceptance-20261005-085604-396\Installed FEC-RTTY é\source\include\fectty\bench_exit.hpp
2026-10-05 08:58:08.319   Deleting file: <project-root>\installer\build\acceptance-20261005-085604-396\Installed FEC-RTTY é\source\include\fectty\audio_io.hpp
2026-10-05 08:58:08.319   Deleting file: <project-root>\installer\build\acceptance-20261005-085604-396\Installed FEC-RTTY é\source\include\fectty\arq.hpp
2026-10-05 08:58:08.319   Deleting file: <project-root>\installer\build\acceptance-20261005-085604-396\Installed FEC-RTTY é\source\include\fectty\acquisition.hpp
2026-10-05 08:58:08.320   Deleting file: <project-root>\installer\build\acceptance-20261005-085604-396\Installed FEC-RTTY é\source\README.md
2026-10-05 08:58:08.320   Deleting file: <project-root>\installer\build\acceptance-20261005-085604-396\Installed FEC-RTTY é\source\README.html
2026-10-05 08:58:08.320   Deleting file: <project-root>\installer\build\acceptance-20261005-085604-396\Installed FEC-RTTY é\source\CMakeLists.txt
2026-10-05 08:58:08.320   Deleting file: <project-root>\installer\build\acceptance-20261005-085604-396\Installed FEC-RTTY é\source\build.bat
2026-10-05 08:58:08.320   Deleting file: <project-root>\installer\build\acceptance-20261005-085604-396\Installed FEC-RTTY é\source\build-gui.bat
2026-10-05 08:58:08.320   Deleting file: <project-root>\installer\build\acceptance-20261005-085604-396\Installed FEC-RTTY é\releases\fectty-v0.45.1-noise-acquisition-20261004\README.md
2026-10-05 08:58:08.320   Deleting file: <project-root>\installer\build\acceptance-20261005-085604-396\Installed FEC-RTTY é\releases\fectty-v0.45.1-noise-acquisition-20261004\README.html
2026-10-05 08:58:08.321   Deleting file: <project-root>\installer\build\acceptance-20261005-085604-396\Installed FEC-RTTY é\releases\fectty-v0.45.1-noise-acquisition-20261004\BUILD_MANIFEST.md
2026-10-05 08:58:08.321   Deleting file: <project-root>\installer\build\acceptance-20261005-085604-396\Installed FEC-RTTY é\releases\fectty-v0.45.1-noise-acquisition-20261004\BUILD_MANIFEST.html
2026-10-05 08:58:08.321   Deleting file: <project-root>\installer\build\acceptance-20261005-085604-396\Installed FEC-RTTY é\licenses\winpthreads\COPYING
2026-10-05 08:58:08.321   Deleting file: <project-root>\installer\build\acceptance-20261005-085604-396\Installed FEC-RTTY é\licenses\qt\sbom\qttranslations-6.8.3.spdx.json
2026-10-05 08:58:08.321   Deleting file: <project-root>\installer\build\acceptance-20261005-085604-396\Installed FEC-RTTY é\licenses\qt\sbom\qttranslations-6.8.3.spdx
2026-10-05 08:58:08.321   Deleting file: <project-root>\installer\build\acceptance-20261005-085604-396\Installed FEC-RTTY é\licenses\qt\sbom\qttools-6.8.3.spdx.json
2026-10-05 08:58:08.323   Deleting file: <project-root>\installer\build\acceptance-20261005-085604-396\Installed FEC-RTTY é\licenses\qt\sbom\qttools-6.8.3.spdx
2026-10-05 08:58:08.323   Deleting file: <project-root>\installer\build\acceptance-20261005-085604-396\Installed FEC-RTTY é\licenses\qt\sbom\qttools-6.8.3.source.spdx
2026-10-05 08:58:08.323   Deleting file: <project-root>\installer\build\acceptance-20261005-085604-396\Installed FEC-RTTY é\licenses\qt\sbom\qtsvg-6.8.3.spdx.json
2026-10-05 08:58:08.323   Deleting file: <project-root>\installer\build\acceptance-20261005-085604-396\Installed FEC-RTTY é\licenses\qt\sbom\qtsvg-6.8.3.spdx
2026-10-05 08:58:08.323   Deleting file: <project-root>\installer\build\acceptance-20261005-085604-396\Installed FEC-RTTY é\licenses\qt\sbom\qtdeclarative-6.8.3.spdx.json
2026-10-05 08:58:08.324   Deleting file: <project-root>\installer\build\acceptance-20261005-085604-396\Installed FEC-RTTY é\licenses\qt\sbom\qtdeclarative-6.8.3.spdx
2026-10-05 08:58:08.324   Deleting file: <project-root>\installer\build\acceptance-20261005-085604-396\Installed FEC-RTTY é\licenses\qt\sbom\qtdeclarative-6.8.3.source.spdx
2026-10-05 08:58:08.326   Deleting file: <project-root>\installer\build\acceptance-20261005-085604-396\Installed FEC-RTTY é\licenses\qt\sbom\qtbase-6.8.3.spdx.json
2026-10-05 08:58:08.326   Deleting file: <project-root>\installer\build\acceptance-20261005-085604-396\Installed FEC-RTTY é\licenses\qt\sbom\qtbase-6.8.3.spdx
2026-10-05 08:58:08.327   Deleting file: <project-root>\installer\build\acceptance-20261005-085604-396\Installed FEC-RTTY é\licenses\qt\sbom\qtbase-6.8.3.source.spdx
2026-10-05 08:58:08.329   Deleting file: <project-root>\installer\build\acceptance-20261005-085604-396\Installed FEC-RTTY é\licenses\qt\Zlib.txt
2026-10-05 08:58:08.329   Deleting file: <project-root>\installer\build\acceptance-20261005-085604-396\Installed FEC-RTTY é\licenses\qt\Xerox.txt
2026-10-05 08:58:08.329   Deleting file: <project-root>\installer\build\acceptance-20261005-085604-396\Installed FEC-RTTY é\licenses\qt\X11.txt
2026-10-05 08:58:08.331   Deleting file: <project-root>\installer\build\acceptance-20261005-085604-396\Installed FEC-RTTY é\licenses\qt\Unicode-3.0.txt
2026-10-05 08:58:08.331   Deleting file: <project-root>\installer\build\acceptance-20261005-085604-396\Installed FEC-RTTY é\licenses\qt\SPL-1.0.txt
2026-10-05 08:58:08.331   Deleting file: <project-root>\installer\build\acceptance-20261005-085604-396\Installed FEC-RTTY é\licenses\qt\Qt-GPL-exception-1.0.txt
2026-10-05 08:58:08.331   Deleting file: <project-root>\installer\build\acceptance-20261005-085604-396\Installed FEC-RTTY é\licenses\qt\MPL-2.0.txt
2026-10-05 08:58:08.331   Deleting file: <project-root>\installer\build\acceptance-20261005-085604-396\Installed FEC-RTTY é\licenses\qt\MIT.txt
2026-10-05 08:58:08.331   Deleting file: <project-root>\installer\build\acceptance-20261005-085604-396\Installed FEC-RTTY é\licenses\qt\MIT-open-group.txt
2026-10-05 08:58:08.331   Deleting file: <project-root>\installer\build\acceptance-20261005-085604-396\Installed FEC-RTTY é\licenses\qt\MIT-Khronos-old.txt
2026-10-05 08:58:08.331   Deleting file: <project-root>\installer\build\acceptance-20261005-085604-396\Installed FEC-RTTY é\licenses\qt\Linux-syscall-note.txt
2026-10-05 08:58:08.332   Deleting file: <project-root>\installer\build\acceptance-20261005-085604-396\Installed FEC-RTTY é\licenses\qt\LicenseRef-SHA1-Public-Domain.txt
2026-10-05 08:58:08.332   Deleting file: <project-root>\installer\build\acceptance-20261005-085604-396\Installed FEC-RTTY é\licenses\qt\LicenseRef-Qt-Commercial.txt
2026-10-05 08:58:08.332   Deleting file: <project-root>\installer\build\acceptance-20261005-085604-396\Installed FEC-RTTY é\licenses\qt\LicenseRef-Lcs-Telegraphics.txt
2026-10-05 08:58:08.332   Deleting file: <project-root>\installer\build\acceptance-20261005-085604-396\Installed FEC-RTTY é\licenses\qt\LicenseRef-ICC-License.txt
2026-10-05 08:58:08.332   Deleting file: <project-root>\installer\build\acceptance-20261005-085604-396\Installed FEC-RTTY é\licenses\qt\LicenseRef-BSD-3-Clause-with-PCRE2-Binary-Like-Packages-Exception.txt
2026-10-05 08:58:08.332   Deleting file: <project-root>\installer\build\acceptance-20261005-085604-396\Installed FEC-RTTY é\licenses\qt\Libpng.txt
2026-10-05 08:58:08.332   Deleting file: <project-root>\installer\build\acceptance-20261005-085604-396\Installed FEC-RTTY é\licenses\qt\libpng-2.0.txt
2026-10-05 08:58:08.332   Deleting file: <project-root>\installer\build\acceptance-20261005-085604-396\Installed FEC-RTTY é\licenses\qt\LGPL-3.0-only.txt
2026-10-05 08:58:08.334   Deleting file: <project-root>\installer\build\acceptance-20261005-085604-396\Installed FEC-RTTY é\licenses\qt\IPL-1.0.txt
2026-10-05 08:58:08.334   Deleting file: <project-root>\installer\build\acceptance-20261005-085604-396\Installed FEC-RTTY é\licenses\qt\Imlib2.txt
2026-10-05 08:58:08.334   Deleting file: <project-root>\installer\build\acceptance-20261005-085604-396\Installed FEC-RTTY é\licenses\qt\IJG.txt
2026-10-05 08:58:08.334   Deleting file: <project-root>\installer\build\acceptance-20261005-085604-396\Installed FEC-RTTY é\licenses\qt\HPND.txt
2026-10-05 08:58:08.334   Deleting file: <project-root>\installer\build\acceptance-20261005-085604-396\Installed FEC-RTTY é\licenses\qt\GPL-3.0-only.txt
2026-10-05 08:58:08.334   Deleting file: <project-root>\installer\build\acceptance-20261005-085604-396\Installed FEC-RTTY é\licenses\qt\GPL-2.0-or-later.txt
2026-10-05 08:58:08.335   Deleting file: <project-root>\installer\build\acceptance-20261005-085604-396\Installed FEC-RTTY é\licenses\qt\GPL-2.0-only.txt
2026-10-05 08:58:08.335   Deleting file: <project-root>\installer\build\acceptance-20261005-085604-396\Installed FEC-RTTY é\licenses\qt\GFDL-1.3-no-invariants-only.txt
2026-10-05 08:58:08.335   Deleting file: <project-root>\installer\build\acceptance-20261005-085604-396\Installed FEC-RTTY é\licenses\qt\FTL.txt
2026-10-05 08:58:08.335   Deleting file: <project-root>\installer\build\acceptance-20261005-085604-396\Installed FEC-RTTY é\licenses\qt\CC0-1.0.txt
2026-10-05 08:58:08.335   Deleting file: <project-root>\installer\build\acceptance-20261005-085604-396\Installed FEC-RTTY é\licenses\qt\BSL-1.0.txt
2026-10-05 08:58:08.335   Deleting file: <project-root>\installer\build\acceptance-20261005-085604-396\Installed FEC-RTTY é\licenses\qt\BSD-4-Clause.txt
2026-10-05 08:58:08.335   Deleting file: <project-root>\installer\build\acceptance-20261005-085604-396\Installed FEC-RTTY é\licenses\qt\BSD-3-Clause.txt
2026-10-05 08:58:08.335   Deleting file: <project-root>\installer\build\acceptance-20261005-085604-396\Installed FEC-RTTY é\licenses\qt\BSD-2-Clause.txt
2026-10-05 08:58:08.337   Deleting file: <project-root>\installer\build\acceptance-20261005-085604-396\Installed FEC-RTTY é\licenses\qt\blessing.txt
2026-10-05 08:58:08.337   Deleting file: <project-root>\installer\build\acceptance-20261005-085604-396\Installed FEC-RTTY é\licenses\qt\Bitstream-Vera.txt
2026-10-05 08:58:08.337   Deleting file: <project-root>\installer\build\acceptance-20261005-085604-396\Installed FEC-RTTY é\licenses\qt\Apache-2.0.txt
2026-10-05 08:58:08.337   Deleting file: <project-root>\installer\build\acceptance-20261005-085604-396\Installed FEC-RTTY é\licenses\qt\AFL-2.1.txt
2026-10-05 08:58:08.337   Deleting file: <project-root>\installer\build\acceptance-20261005-085604-396\Installed FEC-RTTY é\licenses\portaudio\LICENSE.txt
2026-10-05 08:58:08.337   Deleting file: <project-root>\installer\build\acceptance-20261005-085604-396\Installed FEC-RTTY é\licenses\inno\License.txt
2026-10-05 08:58:08.338   Deleting file: <project-root>\installer\build\acceptance-20261005-085604-396\Installed FEC-RTTY é\licenses\gcc\README
2026-10-05 08:58:08.338   Deleting file: <project-root>\installer\build\acceptance-20261005-085604-396\Installed FEC-RTTY é\licenses\gcc\COPYING3
2026-10-05 08:58:08.338   Deleting file: <project-root>\installer\build\acceptance-20261005-085604-396\Installed FEC-RTTY é\licenses\gcc\COPYING.RUNTIME
2026-10-05 08:58:08.338   Deleting file: <project-root>\installer\build\acceptance-20261005-085604-396\Installed FEC-RTTY é\licenses\gcc\COPYING.LIB
2026-10-05 08:58:08.338   Deleting file: <project-root>\installer\build\acceptance-20261005-085604-396\Installed FEC-RTTY é\licenses\THIRD_PARTY_NOTICES.md
2026-10-05 08:58:08.339   Deleting file: <project-root>\installer\build\acceptance-20261005-085604-396\Installed FEC-RTTY é\licenses\THIRD_PARTY_NOTICES.html
2026-10-05 08:58:08.339   Deleting file: <project-root>\installer\build\acceptance-20261005-085604-396\Installed FEC-RTTY é\installer\resources\START_HERE.html
2026-10-05 08:58:08.340   Deleting file: <project-root>\installer\build\acceptance-20261005-085604-396\Installed FEC-RTTY é\installer\resources\BEFORE_INSTALL.txt
2026-10-05 08:58:08.340   Deleting file: <project-root>\installer\build\acceptance-20261005-085604-396\Installed FEC-RTTY é\installer\THIRD_PARTY_NOTICES.md
2026-10-05 08:58:08.340   Deleting file: <project-root>\installer\build\acceptance-20261005-085604-396\Installed FEC-RTTY é\installer\THIRD_PARTY_NOTICES.html
2026-10-05 08:58:08.340   Deleting file: <project-root>\installer\build\acceptance-20261005-085604-396\Installed FEC-RTTY é\installer\test-installer.ps1
2026-10-05 08:58:08.340   Deleting file: <project-root>\installer\build\acceptance-20261005-085604-396\Installed FEC-RTTY é\installer\README.md
2026-10-05 08:58:08.340   Deleting file: <project-root>\installer\build\acceptance-20261005-085604-396\Installed FEC-RTTY é\installer\README.html
2026-10-05 08:58:08.340   Deleting file: <project-root>\installer\build\acceptance-20261005-085604-396\Installed FEC-RTTY é\installer\fec-rtty.iss
2026-10-05 08:58:08.341   Deleting file: <project-root>\installer\build\acceptance-20261005-085604-396\Installed FEC-RTTY é\installer\build-installer.ps1
2026-10-05 08:58:08.341   Deleting file: <project-root>\installer\build\acceptance-20261005-085604-396\Installed FEC-RTTY é\gui\tls\qschannelbackend.dll
2026-10-05 08:58:08.341   Deleting file: <project-root>\installer\build\acceptance-20261005-085604-396\Installed FEC-RTTY é\gui\tls\qcertonlybackend.dll
2026-10-05 08:58:08.341   Deleting file: <project-root>\installer\build\acceptance-20261005-085604-396\Installed FEC-RTTY é\gui\styles\qmodernwindowsstyle.dll
2026-10-05 08:58:08.341   Deleting file: <project-root>\installer\build\acceptance-20261005-085604-396\Installed FEC-RTTY é\gui\platforms\qwindows.dll
2026-10-05 08:58:08.341   Deleting file: <project-root>\installer\build\acceptance-20261005-085604-396\Installed FEC-RTTY é\gui\networkinformation\qnetworklistmanager.dll
2026-10-05 08:58:08.343   Deleting file: <project-root>\installer\build\acceptance-20261005-085604-396\Installed FEC-RTTY é\gui\imageformats\qsvg.dll
2026-10-05 08:58:08.343   Deleting file: <project-root>\installer\build\acceptance-20261005-085604-396\Installed FEC-RTTY é\gui\imageformats\qjpeg.dll
2026-10-05 08:58:08.343   Deleting file: <project-root>\installer\build\acceptance-20261005-085604-396\Installed FEC-RTTY é\gui\imageformats\qico.dll
2026-10-05 08:58:08.343   Deleting file: <project-root>\installer\build\acceptance-20261005-085604-396\Installed FEC-RTTY é\gui\imageformats\qgif.dll
2026-10-05 08:58:08.343   Deleting file: <project-root>\installer\build\acceptance-20261005-085604-396\Installed FEC-RTTY é\gui\iconengines\qsvgicon.dll
2026-10-05 08:58:08.343   Deleting file: <project-root>\installer\build\acceptance-20261005-085604-396\Installed FEC-RTTY é\gui\generic\qtuiotouchplugin.dll
2026-10-05 08:58:08.343   Deleting file: <project-root>\installer\build\acceptance-20261005-085604-396\Installed FEC-RTTY é\gui\Qt6Widgets.dll
2026-10-05 08:58:08.344   Deleting file: <project-root>\installer\build\acceptance-20261005-085604-396\Installed FEC-RTTY é\gui\Qt6Svg.dll
2026-10-05 08:58:08.344   Deleting file: <project-root>\installer\build\acceptance-20261005-085604-396\Installed FEC-RTTY é\gui\Qt6Network.dll
2026-10-05 08:58:08.346   Deleting file: <project-root>\installer\build\acceptance-20261005-085604-396\Installed FEC-RTTY é\gui\Qt6Gui.dll
2026-10-05 08:58:08.347   Deleting file: <project-root>\installer\build\acceptance-20261005-085604-396\Installed FEC-RTTY é\gui\Qt6Core.dll
2026-10-05 08:58:08.347   Deleting file: <project-root>\installer\build\acceptance-20261005-085604-396\Installed FEC-RTTY é\gui\opengl32sw.dll
2026-10-05 08:58:08.350   Deleting file: <project-root>\installer\build\acceptance-20261005-085604-396\Installed FEC-RTTY é\gui\libwinpthread-1.dll
2026-10-05 08:58:08.351   Deleting file: <project-root>\installer\build\acceptance-20261005-085604-396\Installed FEC-RTTY é\gui\libstdc++-6.dll
2026-10-05 08:58:08.351   Deleting file: <project-root>\installer\build\acceptance-20261005-085604-396\Installed FEC-RTTY é\gui\libportaudio.dll
2026-10-05 08:58:08.351   Deleting file: <project-root>\installer\build\acceptance-20261005-085604-396\Installed FEC-RTTY é\gui\libgcc_s_seh-1.dll
2026-10-05 08:58:08.351   Deleting file: <project-root>\installer\build\acceptance-20261005-085604-396\Installed FEC-RTTY é\gui\fectty-waterfall-tests.exe
2026-10-05 08:58:08.351   Deleting file: <project-root>\installer\build\acceptance-20261005-085604-396\Installed FEC-RTTY é\gui\fectty-tests.exe
2026-10-05 08:58:08.353   Deleting file: <project-root>\installer\build\acceptance-20261005-085604-396\Installed FEC-RTTY é\gui\fectty-portaudio-smoke.exe
2026-10-05 08:58:08.353   Deleting file: <project-root>\installer\build\acceptance-20261005-085604-396\Installed FEC-RTTY é\gui\fectty-noise-prefix-bench.exe
2026-10-05 08:58:08.353   Deleting file: <project-root>\installer\build\acceptance-20261005-085604-396\Installed FEC-RTTY é\gui\fectty-gui.exe
2026-10-05 08:58:08.353   Deleting file: <project-root>\installer\build\acceptance-20261005-085604-396\Installed FEC-RTTY é\gui\fectty-gui-text-tests.exe
2026-10-05 08:58:08.353   Deleting file: <project-root>\installer\build\acceptance-20261005-085604-396\Installed FEC-RTTY é\gui\fectty-audit-tests.exe
2026-10-05 08:58:08.354   Deleting file: <project-root>\installer\build\acceptance-20261005-085604-396\Installed FEC-RTTY é\gui\D3Dcompiler_47.dll
2026-10-05 08:58:08.354   Deleting file: <project-root>\installer\build\acceptance-20261005-085604-396\Installed FEC-RTTY é\extras\VBCABLE_Driver_Pack45.zip
2026-10-05 08:58:08.354   Deleting file: <project-root>\installer\build\acceptance-20261005-085604-396\Installed FEC-RTTY é\evidence\legacy-build-runtime\run-v033-long.ps1
2026-10-05 08:58:08.356   Deleting file: <project-root>\installer\build\acceptance-20261005-085604-396\Installed FEC-RTTY é\evidence\audit-20261004-r11\winmm-20261004-223232-direction-1-tx.json
2026-10-05 08:58:08.356   Deleting file: <project-root>\installer\build\acceptance-20261005-085604-396\Installed FEC-RTTY é\evidence\audit-20261004-r11\winmm-20261004-223232-direction-1-rx.png
2026-10-05 08:58:08.356   Deleting file: <project-root>\installer\build\acceptance-20261005-085604-396\Installed FEC-RTTY é\evidence\audit-20261004-r11\winmm-20261004-223232-direction-1-rx.json
2026-10-05 08:58:08.356   Deleting file: <project-root>\installer\build\acceptance-20261005-085604-396\Installed FEC-RTTY é\evidence\audit-20261004-r11\winmm-20261004-223232-direction-0-tx.json
2026-10-05 08:58:08.356   Deleting file: <project-root>\installer\build\acceptance-20261005-085604-396\Installed FEC-RTTY é\evidence\audit-20261004-r11\winmm-20261004-223232-direction-0-rx.png
2026-10-05 08:58:08.356   Deleting file: <project-root>\installer\build\acceptance-20261005-085604-396\Installed FEC-RTTY é\evidence\audit-20261004-r11\winmm-20261004-223232-direction-0-rx.json
2026-10-05 08:58:08.356   Deleting file: <project-root>\installer\build\acceptance-20261005-085604-396\Installed FEC-RTTY é\evidence\audit-20261004-r11\waterfall-widget-test.png
2026-10-05 08:58:08.357   Deleting file: <project-root>\installer\build\acceptance-20261005-085604-396\Installed FEC-RTTY é\evidence\audit-20261004-r11\waterfall-large-font-test.png
2026-10-05 08:58:08.357   Deleting file: <project-root>\installer\build\acceptance-20261005-085604-396\Installed FEC-RTTY é\evidence\audit-20261004-r11\portaudio-20261004-223304-direction-1-tx.json
2026-10-05 08:58:08.357   Deleting file: <project-root>\installer\build\acceptance-20261005-085604-396\Installed FEC-RTTY é\evidence\audit-20261004-r11\portaudio-20261004-223304-direction-1-rx.png
2026-10-05 08:58:08.357   Deleting file: <project-root>\installer\build\acceptance-20261005-085604-396\Installed FEC-RTTY é\evidence\audit-20261004-r11\portaudio-20261004-223304-direction-1-rx.json
2026-10-05 08:58:08.357   Deleting file: <project-root>\installer\build\acceptance-20261005-085604-396\Installed FEC-RTTY é\evidence\audit-20261004-r11\portaudio-20261004-223304-direction-0-tx.json
2026-10-05 08:58:08.359   Deleting file: <project-root>\installer\build\acceptance-20261005-085604-396\Installed FEC-RTTY é\evidence\audit-20261004-r11\portaudio-20261004-223304-direction-0-rx.png
2026-10-05 08:58:08.359   Deleting file: <project-root>\installer\build\acceptance-20261005-085604-396\Installed FEC-RTTY é\evidence\audit-20261004-r11\portaudio-20261004-223304-direction-0-rx.json
2026-10-05 08:58:08.359   Deleting file: <project-root>\installer\build\acceptance-20261005-085604-396\Installed FEC-RTTY é\evidence\audit-20261004-r11\noise-20261004-223038-portaudio-continuous-rx.png
2026-10-05 08:58:08.359   Deleting file: <project-root>\installer\build\acceptance-20261005-085604-396\Installed FEC-RTTY é\evidence\audit-20261004-r11\noise-20261004-223038-portaudio-continuous-rx.json
2026-10-05 08:58:08.359   Deleting file: <project-root>\installer\build\acceptance-20261005-085604-396\Installed FEC-RTTY é\evidence\audit-20261004-r11\noise-20261004-223038-portaudio-clean-rx.png
2026-10-05 08:58:08.359   Deleting file: <project-root>\installer\build\acceptance-20261005-085604-396\Installed FEC-RTTY é\evidence\audit-20261004-r11\noise-20261004-223038-portaudio-clean-rx.json
2026-10-05 08:58:08.360   Deleting file: <project-root>\installer\build\acceptance-20261005-085604-396\Installed FEC-RTTY é\evidence\audit-20261004-r11\noise-20261004-222843-winmm-continuous-rx.png
2026-10-05 08:58:08.360   Deleting file: <project-root>\installer\build\acceptance-20261005-085604-396\Installed FEC-RTTY é\evidence\audit-20261004-r11\noise-20261004-222843-winmm-continuous-rx.json
2026-10-05 08:58:08.360   Deleting file: <project-root>\installer\build\acceptance-20261005-085604-396\Installed FEC-RTTY é\evidence\audit-20261004-r11\noise-20261004-222843-winmm-clean-rx.png
2026-10-05 08:58:08.360   Deleting file: <project-root>\installer\build\acceptance-20261005-085604-396\Installed FEC-RTTY é\evidence\audit-20261004-r11\noise-20261004-222843-winmm-clean-rx.json
2026-10-05 08:58:08.361   Deleting file: <project-root>\installer\build\acceptance-20261005-085604-396\Installed FEC-RTTY é\evidence\audit-20261004-r11\exit-20261004-223425-portaudio-5-not-started.json
2026-10-05 08:58:08.361   Deleting file: <project-root>\installer\build\acceptance-20261005-085604-396\Installed FEC-RTTY é\evidence\audit-20261004-r11\exit-20261004-223425-portaudio-5-idle.json
2026-10-05 08:58:08.361   Deleting file: <project-root>\installer\build\acceptance-20261005-085604-396\Installed FEC-RTTY é\evidence\audit-20261004-r11\exit-20261004-223425-portaudio-5-completed.json
2026-10-05 08:58:08.362   Deleting file: <project-root>\installer\build\acceptance-20261005-085604-396\Installed FEC-RTTY é\evidence\audit-20261004-r11\exit-20261004-223425-portaudio-5-cancelled.json
2026-10-05 08:58:08.362   Deleting file: <project-root>\installer\build\acceptance-20261005-085604-396\Installed FEC-RTTY é\evidence\audit-20261004-r11\exit-20261004-223413-winmm-1-not-started.json
2026-10-05 08:58:08.362   Deleting file: <project-root>\installer\build\acceptance-20261005-085604-396\Installed FEC-RTTY é\evidence\audit-20261004-r11\exit-20261004-223413-winmm-1-idle.json
2026-10-05 08:58:08.362   Deleting file: <project-root>\installer\build\acceptance-20261005-085604-396\Installed FEC-RTTY é\evidence\audit-20261004-r11\exit-20261004-223413-winmm-1-completed.json
2026-10-05 08:58:08.362   Deleting file: <project-root>\installer\build\acceptance-20261005-085604-396\Installed FEC-RTTY é\evidence\audit-20261004-r11\exit-20261004-223413-winmm-1-cancelled.json
2026-10-05 08:58:08.362   Deleting file: <project-root>\installer\build\acceptance-20261005-085604-396\Installed FEC-RTTY é\evidence\audit-20261004-r11\exit-20261004-222405-portaudio-5-not-started.json
2026-10-05 08:58:08.362   Deleting file: <project-root>\installer\build\acceptance-20261005-085604-396\Installed FEC-RTTY é\evidence\audit-20261004-r11\exit-20261004-222405-portaudio-5-idle.json
2026-10-05 08:58:08.362   Deleting file: <project-root>\installer\build\acceptance-20261005-085604-396\Installed FEC-RTTY é\evidence\audit-20261004-r11\exit-20261004-222405-portaudio-5-completed.json
2026-10-05 08:58:08.362   Deleting file: <project-root>\installer\build\acceptance-20261005-085604-396\Installed FEC-RTTY é\evidence\audit-20261004-r11\exit-20261004-222405-portaudio-5-cancelled.json
2026-10-05 08:58:08.362   Deleting file: <project-root>\installer\build\acceptance-20261005-085604-396\Installed FEC-RTTY é\evidence\audit-20261004-r11\exit-20261004-222103-winmm-1-not-started.json
2026-10-05 08:58:08.364   Deleting file: <project-root>\installer\build\acceptance-20261005-085604-396\Installed FEC-RTTY é\evidence\audit-20261004-r11\exit-20261004-222103-winmm-1-idle.json
2026-10-05 08:58:08.364   Deleting file: <project-root>\installer\build\acceptance-20261005-085604-396\Installed FEC-RTTY é\evidence\audit-20261004-r11\exit-20261004-222103-winmm-1-completed.json
2026-10-05 08:58:08.364   Deleting file: <project-root>\installer\build\acceptance-20261005-085604-396\Installed FEC-RTTY é\evidence\audit-20261004-r11\exit-20261004-222103-winmm-1-cancelled.json
2026-10-05 08:58:08.365   Deleting file: <project-root>\installer\build\acceptance-20261005-085604-396\Installed FEC-RTTY é\evidence\audit-20261004-r10\timed-cancel.json
2026-10-05 08:58:08.365   Deleting file: <project-root>\installer\build\acceptance-20261005-085604-396\Installed FEC-RTTY é\evidence\audit-20261004-r10\tight9-trial3-tx.json
2026-10-05 08:58:08.365   Deleting file: <project-root>\installer\build\acceptance-20261005-085604-396\Installed FEC-RTTY é\evidence\audit-20261004-r10\tight9-trial3-rx.json
2026-10-05 08:58:08.365   Deleting file: <project-root>\installer\build\acceptance-20261005-085604-396\Installed FEC-RTTY é\evidence\audit-20261004-r10\tight9-trial2-tx.json
2026-10-05 08:58:08.365   Deleting file: <project-root>\installer\build\acceptance-20261005-085604-396\Installed FEC-RTTY é\evidence\audit-20261004-r10\tight9-trial2-rx.json
2026-10-05 08:58:08.367   Deleting file: <project-root>\installer\build\acceptance-20261005-085604-396\Installed FEC-RTTY é\evidence\audit-20261004-r10\tight9-trial1-tx.json
2026-10-05 08:58:08.367   Deleting file: <project-root>\installer\build\acceptance-20261005-085604-396\Installed FEC-RTTY é\evidence\audit-20261004-r10\tight9-trial1-rx.json
2026-10-05 08:58:08.367   Deleting file: <project-root>\installer\build\acceptance-20261005-085604-396\Installed FEC-RTTY é\evidence\audit-20261004-r10\tight-stop-tx.json
2026-10-05 08:58:08.367   Deleting file: <project-root>\installer\build\acceptance-20261005-085604-396\Installed FEC-RTTY é\evidence\audit-20261004-r10\tight-stop-rx.json
2026-10-05 08:58:08.367   Deleting file: <project-root>\installer\build\acceptance-20261005-085604-396\Installed FEC-RTTY é\evidence\audit-20261004-r10\physical-noisy-prefix-rx.json
2026-10-05 08:58:08.367   Deleting file: <project-root>\installer\build\acceptance-20261005-085604-396\Installed FEC-RTTY é\evidence\audit-20261004-r10\physical-noise-probe.cpp
2026-10-05 08:58:08.367   Deleting file: <project-root>\installer\build\acceptance-20261005-085604-396\Installed FEC-RTTY é\evidence\audit-20261004-r10\noise-prefix-probe.cpp
2026-10-05 08:58:08.368   Deleting file: <project-root>\installer\build\acceptance-20261005-085604-396\Installed FEC-RTTY é\evidence\audit-20261004\pa-compare-1\gui-rx.json
2026-10-05 08:58:08.368   Deleting file: <project-root>\installer\build\acceptance-20261005-085604-396\Installed FEC-RTTY é\evidence\audit-20261004\pa-compare-1\cli-rx.log
2026-10-05 08:58:08.368   Deleting file: <project-root>\installer\build\acceptance-20261005-085604-396\Installed FEC-RTTY é\evidence\audit-20261004\winmm-20261004-214431-direction-1-tx.json
2026-10-05 08:58:08.368   Deleting file: <project-root>\installer\build\acceptance-20261005-085604-396\Installed FEC-RTTY é\evidence\audit-20261004\winmm-20261004-214431-direction-1-rx.png
2026-10-05 08:58:08.369   Deleting file: <project-root>\installer\build\acceptance-20261005-085604-396\Installed FEC-RTTY é\evidence\audit-20261004\winmm-20261004-214431-direction-1-rx.json
2026-10-05 08:58:08.369   Deleting file: <project-root>\installer\build\acceptance-20261005-085604-396\Installed FEC-RTTY é\evidence\audit-20261004\winmm-20261004-214431-direction-0-tx.json
2026-10-05 08:58:08.370   Deleting file: <project-root>\installer\build\acceptance-20261005-085604-396\Installed FEC-RTTY é\evidence\audit-20261004\winmm-20261004-214431-direction-0-rx.png
2026-10-05 08:58:08.370   Deleting file: <project-root>\installer\build\acceptance-20261005-085604-396\Installed FEC-RTTY é\evidence\audit-20261004\winmm-20261004-214431-direction-0-rx.json
2026-10-05 08:58:08.370   Deleting file: <project-root>\installer\build\acceptance-20261005-085604-396\Installed FEC-RTTY é\evidence\audit-20261004\winmm-20261004-212318-direction-1-tx.json
2026-10-05 08:58:08.371   Deleting file: <project-root>\installer\build\acceptance-20261005-085604-396\Installed FEC-RTTY é\evidence\audit-20261004\winmm-20261004-212318-direction-1-rx.png
2026-10-05 08:58:08.371   Deleting file: <project-root>\installer\build\acceptance-20261005-085604-396\Installed FEC-RTTY é\evidence\audit-20261004\winmm-20261004-212318-direction-1-rx.json
2026-10-05 08:58:08.371   Deleting file: <project-root>\installer\build\acceptance-20261005-085604-396\Installed FEC-RTTY é\evidence\audit-20261004\winmm-20261004-212318-direction-0-tx.json
2026-10-05 08:58:08.371   Deleting file: <project-root>\installer\build\acceptance-20261005-085604-396\Installed FEC-RTTY é\evidence\audit-20261004\winmm-20261004-212318-direction-0-rx.png
2026-10-05 08:58:08.371   Deleting file: <project-root>\installer\build\acceptance-20261005-085604-396\Installed FEC-RTTY é\evidence\audit-20261004\winmm-20261004-212318-direction-0-rx.json
2026-10-05 08:58:08.371   Deleting file: <project-root>\installer\build\acceptance-20261005-085604-396\Installed FEC-RTTY é\evidence\audit-20261004\winmm-20261004-211815-direction-1-tx.json
2026-10-05 08:58:08.372   Deleting file: <project-root>\installer\build\acceptance-20261005-085604-396\Installed FEC-RTTY é\evidence\audit-20261004\winmm-20261004-211815-direction-1-rx.png
2026-10-05 08:58:08.372   Deleting file: <project-root>\installer\build\acceptance-20261005-085604-396\Installed FEC-RTTY é\evidence\audit-20261004\winmm-20261004-211815-direction-1-rx.json
2026-10-05 08:58:08.372   Deleting file: <project-root>\installer\build\acceptance-20261005-085604-396\Installed FEC-RTTY é\evidence\audit-20261004\winmm-20261004-211815-direction-0-tx.json
2026-10-05 08:58:08.372   Deleting file: <project-root>\installer\build\acceptance-20261005-085604-396\Installed FEC-RTTY é\evidence\audit-20261004\winmm-20261004-211815-direction-0-rx.png
2026-10-05 08:58:08.372   Deleting file: <project-root>\installer\build\acceptance-20261005-085604-396\Installed FEC-RTTY é\evidence\audit-20261004\winmm-20261004-211815-direction-0-rx.json
2026-10-05 08:58:08.372   Deleting file: <project-root>\installer\build\acceptance-20261005-085604-396\Installed FEC-RTTY é\evidence\audit-20261004\winmm-20261004-210549-direction-1-tx.json
2026-10-05 08:58:08.374   Deleting file: <project-root>\installer\build\acceptance-20261005-085604-396\Installed FEC-RTTY é\evidence\audit-20261004\winmm-20261004-210549-direction-1-rx.png
2026-10-05 08:58:08.374   Deleting file: <project-root>\installer\build\acceptance-20261005-085604-396\Installed FEC-RTTY é\evidence\audit-20261004\winmm-20261004-210549-direction-1-rx.json
2026-10-05 08:58:08.374   Deleting file: <project-root>\installer\build\acceptance-20261005-085604-396\Installed FEC-RTTY é\evidence\audit-20261004\winmm-20261004-210549-direction-0-tx.json
2026-10-05 08:58:08.374   Deleting file: <project-root>\installer\build\acceptance-20261005-085604-396\Installed FEC-RTTY é\evidence\audit-20261004\winmm-20261004-210549-direction-0-rx.png
2026-10-05 08:58:08.374   Deleting file: <project-root>\installer\build\acceptance-20261005-085604-396\Installed FEC-RTTY é\evidence\audit-20261004\winmm-20261004-210549-direction-0-rx.json
2026-10-05 08:58:08.374   Deleting file: <project-root>\installer\build\acceptance-20261005-085604-396\Installed FEC-RTTY é\evidence\audit-20261004\winmm-20261004-204110-direction-1-tx.json
2026-10-05 08:58:08.375   Deleting file: <project-root>\installer\build\acceptance-20261005-085604-396\Installed FEC-RTTY é\evidence\audit-20261004\winmm-20261004-204110-direction-1-rx.json
2026-10-05 08:58:08.375   Deleting file: <project-root>\installer\build\acceptance-20261005-085604-396\Installed FEC-RTTY é\evidence\audit-20261004\winmm-20261004-204110-direction-0-tx.json
2026-10-05 08:58:08.375   Deleting file: <project-root>\installer\build\acceptance-20261005-085604-396\Installed FEC-RTTY é\evidence\audit-20261004\winmm-20261004-204110-direction-0-rx.json
2026-10-05 08:58:08.375   Deleting file: <project-root>\installer\build\acceptance-20261005-085604-396\Installed FEC-RTTY é\evidence\audit-20261004\winmm-20261004-202243-direction-1-tx.json
2026-10-05 08:58:08.375   Deleting file: <project-root>\installer\build\acceptance-20261005-085604-396\Installed FEC-RTTY é\evidence\audit-20261004\winmm-20261004-202243-direction-1-rx.json
2026-10-05 08:58:08.375   Deleting file: <project-root>\installer\build\acceptance-20261005-085604-396\Installed FEC-RTTY é\evidence\audit-20261004\winmm-20261004-202243-direction-0-tx.json
2026-10-05 08:58:08.375   Deleting file: <project-root>\installer\build\acceptance-20261005-085604-396\Installed FEC-RTTY é\evidence\audit-20261004\winmm-20261004-202243-direction-0-rx.json
2026-10-05 08:58:08.377   Deleting file: <project-root>\installer\build\acceptance-20261005-085604-396\Installed FEC-RTTY é\evidence\audit-20261004\winmm-20261004-201712-direction-0-tx.json
2026-10-05 08:58:08.377   Deleting file: <project-root>\installer\build\acceptance-20261005-085604-396\Installed FEC-RTTY é\evidence\audit-20261004\winmm-20261004-201439-direction-1-tx.json
2026-10-05 08:58:08.377   Deleting file: <project-root>\installer\build\acceptance-20261005-085604-396\Installed FEC-RTTY é\evidence\audit-20261004\winmm-20261004-201439-direction-1-rx.json
2026-10-05 08:58:08.377   Deleting file: <project-root>\installer\build\acceptance-20261005-085604-396\Installed FEC-RTTY é\evidence\audit-20261004\winmm-20261004-201439-direction-0-tx.json
2026-10-05 08:58:08.377   Deleting file: <project-root>\installer\build\acceptance-20261005-085604-396\Installed FEC-RTTY é\evidence\audit-20261004\winmm-20261004-201439-direction-0-rx.json
2026-10-05 08:58:08.378   Deleting file: <project-root>\installer\build\acceptance-20261005-085604-396\Installed FEC-RTTY é\evidence\audit-20261004\winmm-20261004-200801-direction-1-tx.json
2026-10-05 08:58:08.378   Deleting file: <project-root>\installer\build\acceptance-20261005-085604-396\Installed FEC-RTTY é\evidence\audit-20261004\winmm-20261004-200801-direction-1-rx.json
2026-10-05 08:58:08.378   Deleting file: <project-root>\installer\build\acceptance-20261005-085604-396\Installed FEC-RTTY é\evidence\audit-20261004\winmm-20261004-200801-direction-0-tx.json
2026-10-05 08:58:08.379   Deleting file: <project-root>\installer\build\acceptance-20261005-085604-396\Installed FEC-RTTY é\evidence\audit-20261004\winmm-20261004-200801-direction-0-rx.json
2026-10-05 08:58:08.380   Deleting file: <project-root>\installer\build\acceptance-20261005-085604-396\Installed FEC-RTTY é\evidence\audit-20261004\short-tail-tx.json
2026-10-05 08:58:08.380   Deleting file: <project-root>\installer\build\acceptance-20261005-085604-396\Installed FEC-RTTY é\evidence\audit-20261004\short-tail-rx.log
2026-10-05 08:58:08.380   Deleting file: <project-root>\installer\build\acceptance-20261005-085604-396\Installed FEC-RTTY é\evidence\audit-20261004\portaudio-20261004-214028-direction-1-tx.json
2026-10-05 08:58:08.380   Deleting file: <project-root>\installer\build\acceptance-20261005-085604-396\Installed FEC-RTTY é\evidence\audit-20261004\portaudio-20261004-214028-direction-1-rx.png
2026-10-05 08:58:08.381   Deleting file: <project-root>\installer\build\acceptance-20261005-085604-396\Installed FEC-RTTY é\evidence\audit-20261004\portaudio-20261004-214028-direction-1-rx.json
2026-10-05 08:58:08.382   Deleting file: <project-root>\installer\build\acceptance-20261005-085604-396\Installed FEC-RTTY é\evidence\audit-20261004\portaudio-20261004-214028-direction-0-tx.json
2026-10-05 08:58:08.382   Deleting file: <project-root>\installer\build\acceptance-20261005-085604-396\Installed FEC-RTTY é\evidence\audit-20261004\portaudio-20261004-214028-direction-0-rx.png
2026-10-05 08:58:08.382   Deleting file: <project-root>\installer\build\acceptance-20261005-085604-396\Installed FEC-RTTY é\evidence\audit-20261004\portaudio-20261004-214028-direction-0-rx.json
2026-10-05 08:58:08.382   Deleting file: <project-root>\installer\build\acceptance-20261005-085604-396\Installed FEC-RTTY é\evidence\audit-20261004\portaudio-20261004-213956-direction-1-tx.json
2026-10-05 08:58:08.382   Deleting file: <project-root>\installer\build\acceptance-20261005-085604-396\Installed FEC-RTTY é\evidence\audit-20261004\portaudio-20261004-213956-direction-1-rx.png
2026-10-05 08:58:08.382   Deleting file: <project-root>\installer\build\acceptance-20261005-085604-396\Installed FEC-RTTY é\evidence\audit-20261004\portaudio-20261004-213956-direction-1-rx.json
2026-10-05 08:58:08.384   Deleting file: <project-root>\installer\build\acceptance-20261005-085604-396\Installed FEC-RTTY é\evidence\audit-20261004\portaudio-20261004-213956-direction-0-tx.json
2026-10-05 08:58:08.384   Deleting file: <project-root>\installer\build\acceptance-20261005-085604-396\Installed FEC-RTTY é\evidence\audit-20261004\portaudio-20261004-213956-direction-0-rx.png
2026-10-05 08:58:08.384   Deleting file: <project-root>\installer\build\acceptance-20261005-085604-396\Installed FEC-RTTY é\evidence\audit-20261004\portaudio-20261004-213956-direction-0-rx.json
2026-10-05 08:58:08.384   Deleting file: <project-root>\installer\build\acceptance-20261005-085604-396\Installed FEC-RTTY é\evidence\audit-20261004\portaudio-20261004-213923-direction-1-tx.json
2026-10-05 08:58:08.384   Deleting file: <project-root>\installer\build\acceptance-20261005-085604-396\Installed FEC-RTTY é\evidence\audit-20261004\portaudio-20261004-213923-direction-1-rx.png
2026-10-05 08:58:08.384   Deleting file: <project-root>\installer\build\acceptance-20261005-085604-396\Installed FEC-RTTY é\evidence\audit-20261004\portaudio-20261004-213923-direction-1-rx.json
2026-10-05 08:58:08.385   Deleting file: <project-root>\installer\build\acceptance-20261005-085604-396\Installed FEC-RTTY é\evidence\audit-20261004\portaudio-20261004-213923-direction-0-tx.json
2026-10-05 08:58:08.385   Deleting file: <project-root>\installer\build\acceptance-20261005-085604-396\Installed FEC-RTTY é\evidence\audit-20261004\portaudio-20261004-213923-direction-0-rx.png
2026-10-05 08:58:08.385   Deleting file: <project-root>\installer\build\acceptance-20261005-085604-396\Installed FEC-RTTY é\evidence\audit-20261004\portaudio-20261004-213923-direction-0-rx.json
2026-10-05 08:58:08.385   Deleting file: <project-root>\installer\build\acceptance-20261005-085604-396\Installed FEC-RTTY é\evidence\audit-20261004\portaudio-20261004-212508-direction-1-tx.json
2026-10-05 08:58:08.385   Deleting file: <project-root>\installer\build\acceptance-20261005-085604-396\Installed FEC-RTTY é\evidence\audit-20261004\portaudio-20261004-212508-direction-1-rx.png
2026-10-05 08:58:08.385   Deleting file: <project-root>\installer\build\acceptance-20261005-085604-396\Installed FEC-RTTY é\evidence\audit-20261004\portaudio-20261004-212508-direction-1-rx.json
2026-10-05 08:58:08.385   Deleting file: <project-root>\installer\build\acceptance-20261005-085604-396\Installed FEC-RTTY é\evidence\audit-20261004\portaudio-20261004-212508-direction-0-tx.json
2026-10-05 08:58:08.387   Deleting file: <project-root>\installer\build\acceptance-20261005-085604-396\Installed FEC-RTTY é\evidence\audit-20261004\portaudio-20261004-212508-direction-0-rx.png
2026-10-05 08:58:08.387   Deleting file: <project-root>\installer\build\acceptance-20261005-085604-396\Installed FEC-RTTY é\evidence\audit-20261004\portaudio-20261004-212508-direction-0-rx.json
2026-10-05 08:58:08.387   Deleting file: <project-root>\installer\build\acceptance-20261005-085604-396\Installed FEC-RTTY é\evidence\audit-20261004\portaudio-20261004-212012-direction-1-tx.json
2026-10-05 08:58:08.387   Deleting file: <project-root>\installer\build\acceptance-20261005-085604-396\Installed FEC-RTTY é\evidence\audit-20261004\portaudio-20261004-212012-direction-1-rx.png
2026-10-05 08:58:08.387   Deleting file: <project-root>\installer\build\acceptance-20261005-085604-396\Installed FEC-RTTY é\evidence\audit-20261004\portaudio-20261004-212012-direction-1-rx.json
2026-10-05 08:58:08.387   Deleting file: <project-root>\installer\build\acceptance-20261005-085604-396\Installed FEC-RTTY é\evidence\audit-20261004\portaudio-20261004-212012-direction-0-tx.json
2026-10-05 08:58:08.387   Deleting file: <project-root>\installer\build\acceptance-20261005-085604-396\Installed FEC-RTTY é\evidence\audit-20261004\portaudio-20261004-212012-direction-0-rx.png
2026-10-05 08:58:08.391   Deleting file: <project-root>\installer\build\acceptance-20261005-085604-396\Installed FEC-RTTY é\evidence\audit-20261004\portaudio-20261004-212012-direction-0-rx.json
2026-10-05 08:58:08.391   Deleting file: <project-root>\installer\build\acceptance-20261005-085604-396\Installed FEC-RTTY é\evidence\audit-20261004\portaudio-20261004-211703-direction-1-tx.json
2026-10-05 08:58:08.391   Deleting file: <project-root>\installer\build\acceptance-20261005-085604-396\Installed FEC-RTTY é\evidence\audit-20261004\portaudio-20261004-211703-direction-1-rx.png
2026-10-05 08:58:08.391   Deleting file: <project-root>\installer\build\acceptance-20261005-085604-396\Installed FEC-RTTY é\evidence\audit-20261004\portaudio-20261004-211703-direction-1-rx.json
2026-10-05 08:58:08.391   Deleting file: <project-root>\installer\build\acceptance-20261005-085604-396\Installed FEC-RTTY é\evidence\audit-20261004\portaudio-20261004-211703-direction-0-tx.json
2026-10-05 08:58:08.393   Deleting file: <project-root>\installer\build\acceptance-20261005-085604-396\Installed FEC-RTTY é\evidence\audit-20261004\portaudio-20261004-211703-direction-0-rx.png
2026-10-05 08:58:08.393   Deleting file: <project-root>\installer\build\acceptance-20261005-085604-396\Installed FEC-RTTY é\evidence\audit-20261004\portaudio-20261004-211703-direction-0-rx.json
2026-10-05 08:58:08.393   Deleting file: <project-root>\installer\build\acceptance-20261005-085604-396\Installed FEC-RTTY é\evidence\audit-20261004\portaudio-20261004-210647-direction-0-tx.json
2026-10-05 08:58:08.393   Deleting file: <project-root>\installer\build\acceptance-20261005-085604-396\Installed FEC-RTTY é\evidence\audit-20261004\portaudio-20261004-210647-direction-0-rx.png
2026-10-05 08:58:08.393   Deleting file: <project-root>\installer\build\acceptance-20261005-085604-396\Installed FEC-RTTY é\evidence\audit-20261004\portaudio-20261004-210647-direction-0-rx.json
2026-10-05 08:58:08.393   Deleting file: <project-root>\installer\build\acceptance-20261005-085604-396\Installed FEC-RTTY é\evidence\audit-20261004\portaudio-20261004-204227-direction-1-tx.json
2026-10-05 08:58:08.394   Deleting file: <project-root>\installer\build\acceptance-20261005-085604-396\Installed FEC-RTTY é\evidence\audit-20261004\portaudio-20261004-204227-direction-1-rx.json
2026-10-05 08:58:08.394   Deleting file: <project-root>\installer\build\acceptance-20261005-085604-396\Installed FEC-RTTY é\evidence\audit-20261004\portaudio-20261004-204227-direction-0-tx.json
2026-10-05 08:58:08.394   Deleting file: <project-root>\installer\build\acceptance-20261005-085604-396\Installed FEC-RTTY é\evidence\audit-20261004\portaudio-20261004-204227-direction-0-rx.json
2026-10-05 08:58:08.394   Deleting file: <project-root>\installer\build\acceptance-20261005-085604-396\Installed FEC-RTTY é\evidence\audit-20261004\portaudio-20261004-202348-direction-1-tx.json
2026-10-05 08:58:08.394   Deleting file: <project-root>\installer\build\acceptance-20261005-085604-396\Installed FEC-RTTY é\evidence\audit-20261004\portaudio-20261004-202348-direction-1-rx.json
2026-10-05 08:58:08.396   Deleting file: <project-root>\installer\build\acceptance-20261005-085604-396\Installed FEC-RTTY é\evidence\audit-20261004\portaudio-20261004-202348-direction-0-tx.json
2026-10-05 08:58:08.396   Deleting file: <project-root>\installer\build\acceptance-20261005-085604-396\Installed FEC-RTTY é\evidence\audit-20261004\portaudio-20261004-202348-direction-0-rx.json
2026-10-05 08:58:08.396   Deleting file: <project-root>\installer\build\acceptance-20261005-085604-396\Installed FEC-RTTY é\evidence\audit-20261004\portaudio-20261004-201759-direction-1-tx.json
2026-10-05 08:58:08.396   Deleting file: <project-root>\installer\build\acceptance-20261005-085604-396\Installed FEC-RTTY é\evidence\audit-20261004\portaudio-20261004-201759-direction-0-tx.json
2026-10-05 08:58:08.396   Deleting file: <project-root>\installer\build\acceptance-20261005-085604-396\Installed FEC-RTTY é\evidence\audit-20261004\portaudio-20261004-201759-direction-0-rx.json
2026-10-05 08:58:08.397   Deleting file: <project-root>\installer\build\acceptance-20261005-085604-396\Installed FEC-RTTY é\evidence\audit-20261004\gui-long-cancel.json
2026-10-05 08:58:08.397   Deleting file: <project-root>\installer\build\acceptance-20261005-085604-396\Installed FEC-RTTY é\evidence\WATERFALL_20261004_R9.md
2026-10-05 08:58:08.397   Deleting file: <project-root>\installer\build\acceptance-20261005-085604-396\Installed FEC-RTTY é\evidence\WATERFALL_20261004_R9.html
2026-10-05 08:58:08.399   Deleting file: <project-root>\installer\build\acceptance-20261005-085604-396\Installed FEC-RTTY é\evidence\vb-short-20261004-204714-tx.log
2026-10-05 08:58:08.399   Deleting file: <project-root>\installer\build\acceptance-20261005-085604-396\Installed FEC-RTTY é\evidence\vb-short-20261004-204714-rx.log
2026-10-05 08:58:08.399   Deleting file: <project-root>\installer\build\acceptance-20261005-085604-396\Installed FEC-RTTY é\evidence\vb-short-20261004-204507-tx.log
2026-10-05 08:58:08.399   Deleting file: <project-root>\installer\build\acceptance-20261005-085604-396\Installed FEC-RTTY é\evidence\vb-short-20261004-204507-rx.log
2026-10-05 08:58:08.399   Deleting file: <project-root>\installer\build\acceptance-20261005-085604-396\Installed FEC-RTTY é\evidence\vb-short-20261004-204344-tx.log
2026-10-05 08:58:08.399   Deleting file: <project-root>\installer\build\acceptance-20261005-085604-396\Installed FEC-RTTY é\evidence\vb-short-20261004-204344-rx.log
2026-10-05 08:58:08.400   Deleting file: <project-root>\installer\build\acceptance-20261005-085604-396\Installed FEC-RTTY é\evidence\vb-short-20261004-175845-tx.log
2026-10-05 08:58:08.400   Deleting file: <project-root>\installer\build\acceptance-20261005-085604-396\Installed FEC-RTTY é\evidence\vb-short-20261004-175845-rx.log
2026-10-05 08:58:08.400   Deleting file: <project-root>\installer\build\acceptance-20261005-085604-396\Installed FEC-RTTY é\evidence\vb-short-20261004-155628-tx.log
2026-10-05 08:58:08.400   Deleting file: <project-root>\installer\build\acceptance-20261005-085604-396\Installed FEC-RTTY é\evidence\vb-short-20261004-155628-rx.log
2026-10-05 08:58:08.400   Deleting file: <project-root>\installer\build\acceptance-20261005-085604-396\Installed FEC-RTTY é\evidence\vb-short-20261004-152213-tx.log
2026-10-05 08:58:08.400   Deleting file: <project-root>\installer\build\acceptance-20261005-085604-396\Installed FEC-RTTY é\evidence\vb-short-20261004-152213-rx.log
2026-10-05 08:58:08.400   Deleting file: <project-root>\installer\build\acceptance-20261005-085604-396\Installed FEC-RTTY é\evidence\vb-short-20261004-132600-tx.log
2026-10-05 08:58:08.402   Deleting file: <project-root>\installer\build\acceptance-20261005-085604-396\Installed FEC-RTTY é\evidence\vb-short-20261004-132600-rx.log
2026-10-05 08:58:08.402   Deleting file: <project-root>\installer\build\acceptance-20261005-085604-396\Installed FEC-RTTY é\evidence\vb-short-20261004-131838-tx.log
2026-10-05 08:58:08.402   Deleting file: <project-root>\installer\build\acceptance-20261005-085604-396\Installed FEC-RTTY é\evidence\vb-short-20261004-131838-rx.log
2026-10-05 08:58:08.402   Deleting file: <project-root>\installer\build\acceptance-20261005-085604-396\Installed FEC-RTTY é\evidence\vb-short-20261004-125643-tx.log
2026-10-05 08:58:08.402   Deleting file: <project-root>\installer\build\acceptance-20261005-085604-396\Installed FEC-RTTY é\evidence\vb-short-20261004-125643-rx.log
2026-10-05 08:58:08.402   Deleting file: <project-root>\installer\build\acceptance-20261005-085604-396\Installed FEC-RTTY é\evidence\vb-short-20261004-125608-tx.log
2026-10-05 08:58:08.403   Deleting file: <project-root>\installer\build\acceptance-20261005-085604-396\Installed FEC-RTTY é\evidence\vb-short-20261004-125608-rx.log
2026-10-05 08:58:08.403   Deleting file: <project-root>\installer\build\acceptance-20261005-085604-396\Installed FEC-RTTY é\evidence\vb-short-20261004-120707-tx.log
2026-10-05 08:58:08.403   Deleting file: <project-root>\installer\build\acceptance-20261005-085604-396\Installed FEC-RTTY é\evidence\vb-short-20261004-120707-rx.log
2026-10-05 08:58:08.405   Deleting file: <project-root>\installer\build\acceptance-20261005-085604-396\Installed FEC-RTTY é\evidence\vb-short-20261004-120547-tx.log
2026-10-05 08:58:08.405   Deleting file: <project-root>\installer\build\acceptance-20261005-085604-396\Installed FEC-RTTY é\evidence\vb-short-20261004-120547-rx.log
2026-10-05 08:58:08.405   Deleting file: <project-root>\installer\build\acceptance-20261005-085604-396\Installed FEC-RTTY é\evidence\vb-short-20261004-003831-tx.log
2026-10-05 08:58:08.407   Deleting file: <project-root>\installer\build\acceptance-20261005-085604-396\Installed FEC-RTTY é\evidence\vb-short-20261004-003831-rx.log
2026-10-05 08:58:08.407   Deleting file: <project-root>\installer\build\acceptance-20261005-085604-396\Installed FEC-RTTY é\evidence\vb-short-20261003-223859-tx.log
2026-10-05 08:58:08.407   Deleting file: <project-root>\installer\build\acceptance-20261005-085604-396\Installed FEC-RTTY é\evidence\vb-short-20261003-223859-rx.log
2026-10-05 08:58:08.407   Deleting file: <project-root>\installer\build\acceptance-20261005-085604-396\Installed FEC-RTTY é\evidence\vb-short-20261003-223824-tx.log
2026-10-05 08:58:08.407   Deleting file: <project-root>\installer\build\acceptance-20261005-085604-396\Installed FEC-RTTY é\evidence\vb-short-20261003-223824-rx.log
2026-10-05 08:58:08.408   Deleting file: <project-root>\installer\build\acceptance-20261005-085604-396\Installed FEC-RTTY é\evidence\vb-long-20261003-231121-tx.log
2026-10-05 08:58:08.408   Deleting file: <project-root>\installer\build\acceptance-20261005-085604-396\Installed FEC-RTTY é\evidence\vb-long-20261003-231121-rx.log
2026-10-05 08:58:08.408   Deleting file: <project-root>\installer\build\acceptance-20261005-085604-396\Installed FEC-RTTY é\evidence\vb-50-20261003-230829-tx.log
2026-10-05 08:58:08.408   Deleting file: <project-root>\installer\build\acceptance-20261005-085604-396\Installed FEC-RTTY é\evidence\vb-50-20261003-230829-rx.log
2026-10-05 08:58:08.409   Deleting file: <project-root>\installer\build\acceptance-20261005-085604-396\Installed FEC-RTTY é\evidence\vb-50-20261003-230309-tx.log
2026-10-05 08:58:08.409   Deleting file: <project-root>\installer\build\acceptance-20261005-085604-396\Installed FEC-RTTY é\evidence\vb-50-20261003-230309-rx.log
2026-10-05 08:58:08.410   Deleting file: <project-root>\installer\build\acceptance-20261005-085604-396\Installed FEC-RTTY é\evidence\vb-50-20261003-224726-tx.log
2026-10-05 08:58:08.410   Deleting file: <project-root>\installer\build\acceptance-20261005-085604-396\Installed FEC-RTTY é\evidence\vb-50-20261003-224726-rx.log
2026-10-05 08:58:08.410   Deleting file: <project-root>\installer\build\acceptance-20261005-085604-396\Installed FEC-RTTY é\evidence\vb-50-20261003-224055-tx.log
2026-10-05 08:58:08.410   Deleting file: <project-root>\installer\build\acceptance-20261005-085604-396\Installed FEC-RTTY é\evidence\vb-50-20261003-224055-rx.log
2026-10-05 08:58:08.410   Deleting file: <project-root>\installer\build\acceptance-20261005-085604-396\Installed FEC-RTTY é\evidence\vb-20-20261004-003856-tx.log
2026-10-05 08:58:08.411   Deleting file: <project-root>\installer\build\acceptance-20261005-085604-396\Installed FEC-RTTY é\evidence\vb-20-20261004-003856-rx.log
2026-10-05 08:58:08.411   Deleting file: <project-root>\installer\build\acceptance-20261005-085604-396\Installed FEC-RTTY é\evidence\vb-20-20261003-223930-tx.log
2026-10-05 08:58:08.411   Deleting file: <project-root>\installer\build\acceptance-20261005-085604-396\Installed FEC-RTTY é\evidence\vb-20-20261003-223930-rx.log
2026-10-05 08:58:08.411   Deleting file: <project-root>\installer\build\acceptance-20261005-085604-396\Installed FEC-RTTY é\evidence\RESTORED_RTTY_FEC_20261004.md
2026-10-05 08:58:08.411   Deleting file: <project-root>\installer\build\acceptance-20261005-085604-396\Installed FEC-RTTY é\evidence\RESTORED_RTTY_FEC_20261004.html
2026-10-05 08:58:08.411   Deleting file: <project-root>\installer\build\acceptance-20261005-085604-396\Installed FEC-RTTY é\evidence\PLAINTEXT_SESSION_20261004_R7.md
2026-10-05 08:58:08.413   Deleting file: <project-root>\installer\build\acceptance-20261005-085604-396\Installed FEC-RTTY é\evidence\PLAINTEXT_SESSION_20261004_R7.html
2026-10-05 08:58:08.413   Deleting file: <project-root>\installer\build\acceptance-20261005-085604-396\Installed FEC-RTTY é\evidence\gui-visual-audit-20261004.md
2026-10-05 08:58:08.413   Deleting file: <project-root>\installer\build\acceptance-20261005-085604-396\Installed FEC-RTTY é\evidence\gui-visual-audit-20261004.html
2026-10-05 08:58:08.413   Deleting file: <project-root>\installer\build\acceptance-20261005-085604-396\Installed FEC-RTTY é\evidence\gui-to-gui-20261004.md
2026-10-05 08:58:08.414   Deleting file: <project-root>\installer\build\acceptance-20261005-085604-396\Installed FEC-RTTY é\evidence\gui-to-gui-20261004.html
2026-10-05 08:58:08.414   Deleting file: <project-root>\installer\build\acceptance-20261005-085604-396\Installed FEC-RTTY é\evidence\gui-scale-matrix-20261004.md
2026-10-05 08:58:08.414   Deleting file: <project-root>\installer\build\acceptance-20261005-085604-396\Installed FEC-RTTY é\evidence\gui-scale-matrix-20261004.html
2026-10-05 08:58:08.414   Deleting file: <project-root>\installer\build\acceptance-20261005-085604-396\Installed FEC-RTTY é\evidence\gui-reverse-cli-rx.log
2026-10-05 08:58:08.414   Deleting file: <project-root>\installer\build\acceptance-20261005-085604-396\Installed FEC-RTTY é\evidence\gui-reverse-cli-rx.err.log
2026-10-05 08:58:08.414   Deleting file: <project-root>\installer\build\acceptance-20261005-085604-396\Installed FEC-RTTY é\evidence\gui-reverse-cli-rx-full.log
2026-10-05 08:58:08.416   Deleting file: <project-root>\installer\build\acceptance-20261005-085604-396\Installed FEC-RTTY é\evidence\gui-reverse-cli-rx-full.err.log
2026-10-05 08:58:08.416   Deleting file: <project-root>\installer\build\acceptance-20261005-085604-396\Installed FEC-RTTY é\evidence\gui-package-3-unique-fixed-tx.log
2026-10-05 08:58:08.416   Deleting file: <project-root>\installer\build\acceptance-20261005-085604-396\Installed FEC-RTTY é\evidence\gui-package-20-unique-tx.log
2026-10-05 08:58:08.416   Deleting file: <project-root>\installer\build\acceptance-20261005-085604-396\Installed FEC-RTTY é\evidence\gui-package-20-unique-fixed2-tx.log
2026-10-05 08:58:08.417   Deleting file: <project-root>\installer\build\acceptance-20261005-085604-396\Installed FEC-RTTY é\evidence\gui-package-20-unique-fixed-tx.log
2026-10-05 08:58:08.417   Deleting file: <project-root>\installer\build\acceptance-20261005-085604-396\Installed FEC-RTTY é\evidence\gui-package-20-tx.log
2026-10-05 08:58:08.417   Deleting file: <project-root>\installer\build\acceptance-20261005-085604-396\Installed FEC-RTTY é\evidence\gui-package-20-reverse-cli-rx.log
2026-10-05 08:58:08.417   Deleting file: <project-root>\installer\build\acceptance-20261005-085604-396\Installed FEC-RTTY é\evidence\gui-package-20-reverse-cli-rx.err.log
2026-10-05 08:58:08.419   Deleting file: <project-root>\installer\build\acceptance-20261005-085604-396\Installed FEC-RTTY é\evidence\gui-package-10-unique-fixed-tx.log
2026-10-05 08:58:08.420   Deleting file: <project-root>\installer\build\acceptance-20261005-085604-396\Installed FEC-RTTY é\evidence\BUG_FIXES_20261004_R4.md
2026-10-05 08:58:08.421   Deleting file: <project-root>\installer\build\acceptance-20261005-085604-396\Installed FEC-RTTY é\evidence\BUG_FIXES_20261004_R4.html
2026-10-05 08:58:08.421   Deleting file: <project-root>\installer\build\acceptance-20261005-085604-396\Installed FEC-RTTY é\evidence\BUG_FIXES_20261004_R11.md
2026-10-05 08:58:08.423   Deleting file: <project-root>\installer\build\acceptance-20261005-085604-396\Installed FEC-RTTY é\evidence\BUG_FIXES_20261004_R11.html
2026-10-05 08:58:08.423   Deleting file: <project-root>\installer\build\acceptance-20261005-085604-396\Installed FEC-RTTY é\evidence\BUG_AUDIT_20261004_R8.md
2026-10-05 08:58:08.424   Deleting file: <project-root>\installer\build\acceptance-20261005-085604-396\Installed FEC-RTTY é\evidence\BUG_AUDIT_20261004_R8.html
2026-10-05 08:58:08.426   Deleting file: <project-root>\installer\build\acceptance-20261005-085604-396\Installed FEC-RTTY é\evidence\BUG_AUDIT_20261004_R3.md
2026-10-05 08:58:08.426   Deleting file: <project-root>\installer\build\acceptance-20261005-085604-396\Installed FEC-RTTY é\evidence\BUG_AUDIT_20261004_R3.html
2026-10-05 08:58:08.426   Deleting file: <project-root>\installer\build\acceptance-20261005-085604-396\Installed FEC-RTTY é\evidence\BUG_AUDIT_20261004_R2.md
2026-10-05 08:58:08.426   Deleting file: <project-root>\installer\build\acceptance-20261005-085604-396\Installed FEC-RTTY é\evidence\BUG_AUDIT_20261004_R2.html
2026-10-05 08:58:08.426   Deleting file: <project-root>\installer\build\acceptance-20261005-085604-396\Installed FEC-RTTY é\evidence\BUG_AUDIT_20261004_R10.md
2026-10-05 08:58:08.427   Deleting file: <project-root>\installer\build\acceptance-20261005-085604-396\Installed FEC-RTTY é\evidence\BUG_AUDIT_20261004_R10.html
2026-10-05 08:58:08.427   Deleting file: <project-root>\installer\build\acceptance-20261005-085604-396\Installed FEC-RTTY é\evidence\BUG_AUDIT_20261004.md
2026-10-05 08:58:08.427   Deleting file: <project-root>\installer\build\acceptance-20261005-085604-396\Installed FEC-RTTY é\evidence\BUG_AUDIT_20261004.html
2026-10-05 08:58:08.427   Deleting file: <project-root>\installer\build\acceptance-20261005-085604-396\Installed FEC-RTTY é\evidence\ARQ_SESSION_20261004_R6.md
2026-10-05 08:58:08.427   Deleting file: <project-root>\installer\build\acceptance-20261005-085604-396\Installed FEC-RTTY é\evidence\ARQ_SESSION_20261004_R6.html
2026-10-05 08:58:08.427   Deleting file: <project-root>\installer\build\acceptance-20261005-085604-396\Installed FEC-RTTY é\evidence\arq-gui-one-way-20261004.log
2026-10-05 08:58:08.429   Deleting file: <project-root>\installer\build\acceptance-20261005-085604-396\Installed FEC-RTTY é\docs\TEST_RESULTS_v0.38_GUI.md
2026-10-05 08:58:08.429   Deleting file: <project-root>\installer\build\acceptance-20261005-085604-396\Installed FEC-RTTY é\docs\TEST_RESULTS_v0.38_GUI.html
2026-10-05 08:58:08.429   Deleting file: <project-root>\installer\build\acceptance-20261005-085604-396\Installed FEC-RTTY é\docs\TEST_RESULTS_v0.34.md
2026-10-05 08:58:08.429   Deleting file: <project-root>\installer\build\acceptance-20261005-085604-396\Installed FEC-RTTY é\docs\TEST_RESULTS_v0.34.html
2026-10-05 08:58:08.430   Deleting file: <project-root>\installer\build\acceptance-20261005-085604-396\Installed FEC-RTTY é\docs\PROTOCOL.md
2026-10-05 08:58:08.430   Deleting file: <project-root>\installer\build\acceptance-20261005-085604-396\Installed FEC-RTTY é\docs\PROTOCOL.html
2026-10-05 08:58:08.430   Deleting file: <project-root>\installer\build\acceptance-20261005-085604-396\Installed FEC-RTTY é\docs\PROJECT_GUIDE.md
2026-10-05 08:58:08.430   Deleting file: <project-root>\installer\build\acceptance-20261005-085604-396\Installed FEC-RTTY é\docs\PROJECT_GUIDE.html
2026-10-05 08:58:08.430   Deleting file: <project-root>\installer\build\acceptance-20261005-085604-396\Installed FEC-RTTY é\docs\INSTALLER.md
2026-10-05 08:58:08.430   Deleting file: <project-root>\installer\build\acceptance-20261005-085604-396\Installed FEC-RTTY é\docs\INSTALLER.html
2026-10-05 08:58:08.430   Deleting file: <project-root>\installer\build\acceptance-20261005-085604-396\Installed FEC-RTTY é\docs\GUI_PACKAGE.md
2026-10-05 08:58:08.431   Deleting file: <project-root>\installer\build\acceptance-20261005-085604-396\Installed FEC-RTTY é\docs\GUI_PACKAGE.html
2026-10-05 08:58:08.431   Deleting file: <project-root>\installer\build\acceptance-20261005-085604-396\Installed FEC-RTTY é\docs\GUI_DESIGN.md
2026-10-05 08:58:08.431   Deleting file: <project-root>\installer\build\acceptance-20261005-085604-396\Installed FEC-RTTY é\docs\GUI_DESIGN.html
2026-10-05 08:58:08.431   Deleting file: <project-root>\installer\build\acceptance-20261005-085604-396\Installed FEC-RTTY é\docs\DEVELOPMENT_PLAN_SOURCE.txt
2026-10-05 08:58:08.431   Deleting file: <project-root>\installer\build\acceptance-20261005-085604-396\Installed FEC-RTTY é\docs\DEVELOPMENT_PLAN.md
2026-10-05 08:58:08.431   Deleting file: <project-root>\installer\build\acceptance-20261005-085604-396\Installed FEC-RTTY é\docs\DEVELOPMENT_PLAN.html
2026-10-05 08:58:08.431   Deleting file: <project-root>\installer\build\acceptance-20261005-085604-396\Installed FEC-RTTY é\bin\libwinpthread-1.dll
2026-10-05 08:58:08.433   Deleting file: <project-root>\installer\build\acceptance-20261005-085604-396\Installed FEC-RTTY é\bin\libstdc++-6.dll
2026-10-05 08:58:08.433   Deleting file: <project-root>\installer\build\acceptance-20261005-085604-396\Installed FEC-RTTY é\bin\libgcc_s_seh-1.dll
2026-10-05 08:58:08.433   Deleting file: <project-root>\installer\build\acceptance-20261005-085604-396\Installed FEC-RTTY é\bin\fectty-tests.exe
2026-10-05 08:58:08.434   Deleting file: <project-root>\installer\build\acceptance-20261005-085604-396\Installed FEC-RTTY é\bin\fectty-sim.exe
2026-10-05 08:58:08.434   Deleting file: <project-root>\installer\build\acceptance-20261005-085604-396\Installed FEC-RTTY é\bin\fectty-noise-prefix-bench.exe
2026-10-05 08:58:08.434   Deleting file: <project-root>\installer\build\acceptance-20261005-085604-396\Installed FEC-RTTY é\bin\fectty-live.exe
2026-10-05 08:58:08.436   Deleting file: <project-root>\installer\build\acceptance-20261005-085604-396\Installed FEC-RTTY é\bin\fectty-benchmark.exe
2026-10-05 08:58:08.436   Deleting file: <project-root>\installer\build\acceptance-20261005-085604-396\Installed FEC-RTTY é\bin\fectty-audit-tests.exe
2026-10-05 08:58:08.436   Deleting file: <project-root>\installer\build\acceptance-20261005-085604-396\Installed FEC-RTTY é\bin\fectty-audio-smoke.exe
2026-10-05 08:58:08.436   Deleting file: <project-root>\installer\build\acceptance-20261005-085604-396\Installed FEC-RTTY é\README.md
2026-10-05 08:58:08.436   Deleting file: <project-root>\installer\build\acceptance-20261005-085604-396\Installed FEC-RTTY é\README.html
2026-10-05 08:58:08.436   Deleting file: <project-root>\installer\build\acceptance-20261005-085604-396\Installed FEC-RTTY é\PROJECT_INDEX.md
2026-10-05 08:58:08.436   Deleting file: <project-root>\installer\build\acceptance-20261005-085604-396\Installed FEC-RTTY é\PROJECT_INDEX.html
2026-10-05 08:58:08.437   Deleting file: <project-root>\installer\build\acceptance-20261005-085604-396\Installed FEC-RTTY é\installation-manifest.json
2026-10-05 08:58:08.437   Deleting file: <project-root>\installer\build\acceptance-20261005-085604-396\Installed FEC-RTTY é\index.html
2026-10-05 08:58:08.438   Deleting registry key: HKEY_CURRENT_USER\Software\Microsoft\Windows\CurrentVersion\Uninstall\FEC-RTTY-M0NXD_is1
2026-10-05 08:58:08.459   Deleting directory: <project-root>\installer\build\acceptance-20261005-085604-396\Installed FEC-RTTY é\tools
2026-10-05 08:58:08.461   Deleting directory: <project-root>\installer\build\acceptance-20261005-085604-396\Installed FEC-RTTY é\source\tests
2026-10-05 08:58:08.462   Deleting directory: <project-root>\installer\build\acceptance-20261005-085604-396\Installed FEC-RTTY é\source\src
2026-10-05 08:58:08.463   Deleting directory: <project-root>\installer\build\acceptance-20261005-085604-396\Installed FEC-RTTY é\source\include\fectty
2026-10-05 08:58:08.463   Deleting directory: <project-root>\installer\build\acceptance-20261005-085604-396\Installed FEC-RTTY é\source\include
2026-10-05 08:58:08.465   Deleting directory: <project-root>\installer\build\acceptance-20261005-085604-396\Installed FEC-RTTY é\source
2026-10-05 08:58:08.465   Deleting directory: <project-root>\installer\build\acceptance-20261005-085604-396\Installed FEC-RTTY é\releases\fectty-v0.45.1-noise-acquisition-20261004
2026-10-05 08:58:08.465   Deleting directory: <project-root>\installer\build\acceptance-20261005-085604-396\Installed FEC-RTTY é\releases
2026-10-05 08:58:08.465   Deleting directory: <project-root>\installer\build\acceptance-20261005-085604-396\Installed FEC-RTTY é\licenses\winpthreads
2026-10-05 08:58:08.466   Deleting directory: <project-root>\installer\build\acceptance-20261005-085604-396\Installed FEC-RTTY é\licenses\qt\sbom
2026-10-05 08:58:08.468   Deleting directory: <project-root>\installer\build\acceptance-20261005-085604-396\Installed FEC-RTTY é\licenses\qt
2026-10-05 08:58:08.468   Deleting directory: <project-root>\installer\build\acceptance-20261005-085604-396\Installed FEC-RTTY é\licenses\portaudio
2026-10-05 08:58:08.468   Deleting directory: <project-root>\installer\build\acceptance-20261005-085604-396\Installed FEC-RTTY é\licenses\inno
2026-10-05 08:58:08.468   Deleting directory: <project-root>\installer\build\acceptance-20261005-085604-396\Installed FEC-RTTY é\licenses\gcc
2026-10-05 08:58:08.469   Deleting directory: <project-root>\installer\build\acceptance-20261005-085604-396\Installed FEC-RTTY é\licenses
2026-10-05 08:58:08.469   Deleting directory: <project-root>\installer\build\acceptance-20261005-085604-396\Installed FEC-RTTY é\installer\resources
2026-10-05 08:58:08.469   Deleting directory: <project-root>\installer\build\acceptance-20261005-085604-396\Installed FEC-RTTY é\installer
2026-10-05 08:58:08.469   Deleting directory: <project-root>\installer\build\acceptance-20261005-085604-396\Installed FEC-RTTY é\gui\tls
2026-10-05 08:58:08.469   Deleting directory: <project-root>\installer\build\acceptance-20261005-085604-396\Installed FEC-RTTY é\gui\styles
2026-10-05 08:58:08.471   Deleting directory: <project-root>\installer\build\acceptance-20261005-085604-396\Installed FEC-RTTY é\gui\platforms
2026-10-05 08:58:08.471   Deleting directory: <project-root>\installer\build\acceptance-20261005-085604-396\Installed FEC-RTTY é\gui\networkinformation
2026-10-05 08:58:08.471   Deleting directory: <project-root>\installer\build\acceptance-20261005-085604-396\Installed FEC-RTTY é\gui\imageformats
2026-10-05 08:58:08.471   Deleting directory: <project-root>\installer\build\acceptance-20261005-085604-396\Installed FEC-RTTY é\gui\iconengines
2026-10-05 08:58:08.471   Deleting directory: <project-root>\installer\build\acceptance-20261005-085604-396\Installed FEC-RTTY é\gui\generic
2026-10-05 08:58:08.473   Deleting directory: <project-root>\installer\build\acceptance-20261005-085604-396\Installed FEC-RTTY é\gui
2026-10-05 08:58:08.473   Deleting directory: <project-root>\installer\build\acceptance-20261005-085604-396\Installed FEC-RTTY é\extras
2026-10-05 08:58:08.473   Deleting directory: <project-root>\installer\build\acceptance-20261005-085604-396\Installed FEC-RTTY é\evidence\legacy-build-runtime
2026-10-05 08:58:08.474   Deleting directory: <project-root>\installer\build\acceptance-20261005-085604-396\Installed FEC-RTTY é\evidence\audit-20261004-r11
2026-10-05 08:58:08.476   Deleting directory: <project-root>\installer\build\acceptance-20261005-085604-396\Installed FEC-RTTY é\evidence\audit-20261004-r10
2026-10-05 08:58:08.476   Deleting directory: <project-root>\installer\build\acceptance-20261005-085604-396\Installed FEC-RTTY é\evidence\audit-20261004\pa-compare-1
2026-10-05 08:58:08.479   Deleting directory: <project-root>\installer\build\acceptance-20261005-085604-396\Installed FEC-RTTY é\evidence\audit-20261004
2026-10-05 08:58:08.484   Deleting directory: <project-root>\installer\build\acceptance-20261005-085604-396\Installed FEC-RTTY é\evidence
2026-10-05 08:58:08.484   Deleting directory: <project-root>\installer\build\acceptance-20261005-085604-396\Installed FEC-RTTY é\docs
2026-10-05 08:58:08.486   Deleting directory: <project-root>\installer\build\acceptance-20261005-085604-396\Installed FEC-RTTY é\bin
2026-10-05 08:58:08.486   Deleting directory: <project-root>\installer\build\acceptance-20261005-085604-396\Installed FEC-RTTY é
2026-10-05 08:58:08.486   Failed to delete directory (145). Will retry later.
2026-10-05 08:58:08.486   Deleting Uninstall data files.
2026-10-05 08:58:08.486   Creating "_unins-done.tmp" file.
2026-10-05 08:58:09.014   Deleting directory: <project-root>\installer\build\acceptance-20261005-085604-396\Installed FEC-RTTY é
2026-10-05 08:58:09.014   Failed to delete directory (145).
2026-10-05 08:58:09.186   Uninstallation process succeeded.
2026-10-05 08:58:09.186   Removed all? Yes
2026-10-05 08:58:09.186   Need to restart Windows? No
2026-10-05 08:58:09.189   Log closed.
